Archive member included to satisfy reference by file (symbol)

D:/arm32-none-none-gnueabi-toolchain/arm-gnu-toolchain-15.2.rel1-mingw-w64-x86_64-arm-none-eabi/bin/../lib/gcc/arm-none-eabi/15.2.1/../../../../arm-none-eabi/lib/thumb/v7-m/nofp\libc_nano.a(libc_a-exit.o)
                              D:/arm32-none-none-gnueabi-toolchain/arm-gnu-toolchain-15.2.rel1-mingw-w64-x86_64-arm-none-eabi/bin/../lib/gcc/arm-none-eabi/15.2.1/../../../../arm-none-eabi/lib/thumb/v7-m/nofp/crt0.o (exit)
D:/arm32-none-none-gnueabi-toolchain/arm-gnu-toolchain-15.2.rel1-mingw-w64-x86_64-arm-none-eabi/bin/../lib/gcc/arm-none-eabi/15.2.1/../../../../arm-none-eabi/lib/thumb/v7-m/nofp\libc_nano.a(libc_a-nano-vfprintf_float.o)
                              (_printf_float)
D:/arm32-none-none-gnueabi-toolchain/arm-gnu-toolchain-15.2.rel1-mingw-w64-x86_64-arm-none-eabi/bin/../lib/gcc/arm-none-eabi/15.2.1/../../../../arm-none-eabi/lib/thumb/v7-m/nofp\libc_nano.a(libc_a-nano-vfprintf_i.o)
                              D:/arm32-none-none-gnueabi-toolchain/arm-gnu-toolchain-15.2.rel1-mingw-w64-x86_64-arm-none-eabi/bin/../lib/gcc/arm-none-eabi/15.2.1/../../../../arm-none-eabi/lib/thumb/v7-m/nofp\libc_nano.a(libc_a-nano-vfprintf_float.o) (_printf_common)
D:/arm32-none-none-gnueabi-toolchain/arm-gnu-toolchain-15.2.rel1-mingw-w64-x86_64-arm-none-eabi/bin/../lib/gcc/arm-none-eabi/15.2.1/../../../../arm-none-eabi/lib/thumb/v7-m/nofp\libc_nano.a(libc_a-findfp.o)
                              D:/arm32-none-none-gnueabi-toolchain/arm-gnu-toolchain-15.2.rel1-mingw-w64-x86_64-arm-none-eabi/bin/../lib/gcc/arm-none-eabi/15.2.1/../../../../arm-none-eabi/lib/thumb/v7-m/nofp\libc_nano.a(libc_a-exit.o) (__stdio_exit_handler)
D:/arm32-none-none-gnueabi-toolchain/arm-gnu-toolchain-15.2.rel1-mingw-w64-x86_64-arm-none-eabi/bin/../lib/gcc/arm-none-eabi/15.2.1/../../../../arm-none-eabi/lib/thumb/v7-m/nofp\libc_nano.a(libc_a-fwalk.o)
                              D:/arm32-none-none-gnueabi-toolchain/arm-gnu-toolchain-15.2.rel1-mingw-w64-x86_64-arm-none-eabi/bin/../lib/gcc/arm-none-eabi/15.2.1/../../../../arm-none-eabi/lib/thumb/v7-m/nofp\libc_nano.a(libc_a-findfp.o) (_fwalk_sglue)
D:/arm32-none-none-gnueabi-toolchain/arm-gnu-toolchain-15.2.rel1-mingw-w64-x86_64-arm-none-eabi/bin/../lib/gcc/arm-none-eabi/15.2.1/../../../../arm-none-eabi/lib/thumb/v7-m/nofp\libc_nano.a(libc_a-stdio.o)
                              D:/arm32-none-none-gnueabi-toolchain/arm-gnu-toolchain-15.2.rel1-mingw-w64-x86_64-arm-none-eabi/bin/../lib/gcc/arm-none-eabi/15.2.1/../../../../arm-none-eabi/lib/thumb/v7-m/nofp\libc_nano.a(libc_a-findfp.o) (__sread)
D:/arm32-none-none-gnueabi-toolchain/arm-gnu-toolchain-15.2.rel1-mingw-w64-x86_64-arm-none-eabi/bin/../lib/gcc/arm-none-eabi/15.2.1/../../../../arm-none-eabi/lib/thumb/v7-m/nofp\libc_nano.a(libc_a-memset.o)
                              D:/arm32-none-none-gnueabi-toolchain/arm-gnu-toolchain-15.2.rel1-mingw-w64-x86_64-arm-none-eabi/bin/../lib/gcc/arm-none-eabi/15.2.1/../../../../arm-none-eabi/lib/thumb/v7-m/nofp/crt0.o (memset)
D:/arm32-none-none-gnueabi-toolchain/arm-gnu-toolchain-15.2.rel1-mingw-w64-x86_64-arm-none-eabi/bin/../lib/gcc/arm-none-eabi/15.2.1/../../../../arm-none-eabi/lib/thumb/v7-m/nofp\libc_nano.a(libc_a-localeconv.o)
                              D:/arm32-none-none-gnueabi-toolchain/arm-gnu-toolchain-15.2.rel1-mingw-w64-x86_64-arm-none-eabi/bin/../lib/gcc/arm-none-eabi/15.2.1/../../../../arm-none-eabi/lib/thumb/v7-m/nofp\libc_nano.a(libc_a-nano-vfprintf_float.o) (_localeconv_r)
D:/arm32-none-none-gnueabi-toolchain/arm-gnu-toolchain-15.2.rel1-mingw-w64-x86_64-arm-none-eabi/bin/../lib/gcc/arm-none-eabi/15.2.1/../../../../arm-none-eabi/lib/thumb/v7-m/nofp\libc_nano.a(libc_a-closer.o)
                              D:/arm32-none-none-gnueabi-toolchain/arm-gnu-toolchain-15.2.rel1-mingw-w64-x86_64-arm-none-eabi/bin/../lib/gcc/arm-none-eabi/15.2.1/../../../../arm-none-eabi/lib/thumb/v7-m/nofp\libc_nano.a(libc_a-stdio.o) (_close_r)
D:/arm32-none-none-gnueabi-toolchain/arm-gnu-toolchain-15.2.rel1-mingw-w64-x86_64-arm-none-eabi/bin/../lib/gcc/arm-none-eabi/15.2.1/../../../../arm-none-eabi/lib/thumb/v7-m/nofp\libc_nano.a(libc_a-reent.o)
                              D:/arm32-none-none-gnueabi-toolchain/arm-gnu-toolchain-15.2.rel1-mingw-w64-x86_64-arm-none-eabi/bin/../lib/gcc/arm-none-eabi/15.2.1/../../../../arm-none-eabi/lib/thumb/v7-m/nofp\libc_nano.a(libc_a-closer.o) (errno)
D:/arm32-none-none-gnueabi-toolchain/arm-gnu-toolchain-15.2.rel1-mingw-w64-x86_64-arm-none-eabi/bin/../lib/gcc/arm-none-eabi/15.2.1/../../../../arm-none-eabi/lib/thumb/v7-m/nofp\libc_nano.a(libc_a-impure.o)
                              D:/arm32-none-none-gnueabi-toolchain/arm-gnu-toolchain-15.2.rel1-mingw-w64-x86_64-arm-none-eabi/bin/../lib/gcc/arm-none-eabi/15.2.1/../../../../arm-none-eabi/lib/thumb/v7-m/nofp\libc_nano.a(libc_a-reent.o) (_impure_ptr)
[...]
Memory Configuration

Name             Origin             Length             Attributes
RAM              0x20000000         0x00005000         xrw
FLASH            0x08000000         0x00010000         xr
*default*        0x00000000         0xffffffff

Linker script and memory map

LOAD D:/arm32-none-none-gnueabi-toolchain/arm-gnu-toolchain-15.2.rel1-mingw-w64-x86_64-arm-none-eabi/bin/../lib/gcc/arm-none-eabi/15.2.1/thumb/v7-m/nofp/crti.o
LOAD D:/arm32-none-none-gnueabi-toolchain/arm-gnu-toolchain-15.2.rel1-mingw-w64-x86_64-arm-none-eabi/bin/../lib/gcc/arm-none-eabi/15.2.1/thumb/v7-m/nofp/crtbegin.o
LOAD D:/arm32-none-none-gnueabi-toolchain/arm-gnu-toolchain-15.2.rel1-mingw-w64-x86_64-arm-none-eabi/bin/../lib/gcc/arm-none-eabi/15.2.1/../../../../arm-none-eabi/lib/thumb/v7-m/nofp/crt0.o
LOAD CMakeFiles/template.elf.dir/Lib/Src/stm32f1xx_hal.c.obj
LOAD CMakeFiles/template.elf.dir/Lib/Src/stm32f1xx_hal_adc.c.obj
LOAD CMakeFiles/template.elf.dir/Lib/Src/stm32f1xx_hal_adc_ex.c.obj
LOAD CMakeFiles/template.elf.dir/Lib/Src/stm32f1xx_hal_can.c.obj
LOAD CMakeFiles/template.elf.dir/Lib/Src/stm32f1xx_hal_cec.c.obj
LOAD CMakeFiles/template.elf.dir/Lib/Src/stm32f1xx_hal_cortex.c.obj
LOAD CMakeFiles/template.elf.dir/Lib/Src/stm32f1xx_hal_crc.c.obj
LOAD CMakeFiles/template.elf.dir/Lib/Src/stm32f1xx_hal_dac.c.obj
LOAD CMakeFiles/template.elf.dir/Lib/Src/stm32f1xx_hal_dac_ex.c.obj
LOAD CMakeFiles/template.elf.dir/Lib/Src/stm32f1xx_hal_dma.c.obj
LOAD CMakeFiles/template.elf.dir/Lib/Src/stm32f1xx_hal_eth.c.obj
LOAD CMakeFiles/template.elf.dir/Lib/Src/stm32f1xx_hal_exti.c.obj
LOAD CMakeFiles/template.elf.dir/Lib/Src/stm32f1xx_hal_flash.c.obj
LOAD CMakeFiles/template.elf.dir/Lib/Src/stm32f1xx_hal_flash_ex.c.obj
LOAD CMakeFiles/template.elf.dir/Lib/Src/stm32f1xx_hal_gpio.c.obj
LOAD CMakeFiles/template.elf.dir/Lib/Src/stm32f1xx_hal_gpio_ex.c.obj
LOAD CMakeFiles/template.elf.dir/Lib/Src/stm32f1xx_hal_hcd.c.obj
LOAD CMakeFiles/template.elf.dir/Lib/Src/stm32f1xx_hal_i2c.c.obj
LOAD CMakeFiles/template.elf.dir/Lib/Src/stm32f1xx_hal_i2s.c.obj
LOAD CMakeFiles/template.elf.dir/Lib/Src/stm32f1xx_hal_irda.c.obj
LOAD CMakeFiles/template.elf.dir/Lib/Src/stm32f1xx_hal_iwdg.c.obj
LOAD CMakeFiles/template.elf.dir/Lib/Src/stm32f1xx_hal_mmc.c.obj
LOAD CMakeFiles/template.elf.dir/Lib/Src/stm32f1xx_hal_nand.c.obj
LOAD CMakeFiles/template.elf.dir/Lib/Src/stm32f1xx_hal_nor.c.obj
LOAD CMakeFiles/template.elf.dir/Lib/Src/stm32f1xx_hal_pccard.c.obj
LOAD CMakeFiles/template.elf.dir/Lib/Src/stm32f1xx_hal_pcd.c.obj
LOAD CMakeFiles/template.elf.dir/Lib/Src/stm32f1xx_hal_pcd_ex.c.obj
LOAD CMakeFiles/template.elf.dir/Lib/Src/stm32f1xx_hal_pwr.c.obj
LOAD CMakeFiles/template.elf.dir/Lib/Src/stm32f1xx_hal_rcc.c.obj
LOAD CMakeFiles/template.elf.dir/Lib/Src/stm32f1xx_hal_rcc_ex.c.obj
LOAD CMakeFiles/template.elf.dir/Lib/Src/stm32f1xx_hal_rtc.c.obj
LOAD CMakeFiles/template.elf.dir/Lib/Src/stm32f1xx_hal_rtc_ex.c.obj
LOAD CMakeFiles/template.elf.dir/Lib/Src/stm32f1xx_hal_sd.c.obj
LOAD CMakeFiles/template.elf.dir/Lib/Src/stm32f1xx_hal_smartcard.c.obj
LOAD CMakeFiles/template.elf.dir/Lib/Src/stm32f1xx_hal_spi.c.obj
LOAD CMakeFiles/template.elf.dir/Lib/Src/stm32f1xx_hal_sram.c.obj
LOAD CMakeFiles/template.elf.dir/Lib/Src/stm32f1xx_hal_tim.c.obj
LOAD CMakeFiles/template.elf.dir/Lib/Src/stm32f1xx_hal_tim_ex.c.obj
LOAD CMakeFiles/template.elf.dir/Lib/Src/stm32f1xx_hal_timebase_tim.c.obj
LOAD CMakeFiles/template.elf.dir/Lib/Src/stm32f1xx_hal_uart.c.obj
LOAD CMakeFiles/template.elf.dir/Lib/Src/stm32f1xx_hal_usart.c.obj
LOAD CMakeFiles/template.elf.dir/Lib/Src/stm32f1xx_hal_wwdg.c.obj
LOAD CMakeFiles/template.elf.dir/Lib/Src/stm32f1xx_ll_adc.c.obj
LOAD CMakeFiles/template.elf.dir/Lib/Src/stm32f1xx_ll_crc.c.obj
LOAD CMakeFiles/template.elf.dir/Lib/Src/stm32f1xx_ll_dac.c.obj
LOAD CMakeFiles/template.elf.dir/Lib/Src/stm32f1xx_ll_dma.c.obj
LOAD CMakeFiles/template.elf.dir/Lib/Src/stm32f1xx_ll_exti.c.obj
LOAD CMakeFiles/template.elf.dir/Lib/Src/stm32f1xx_ll_fsmc.c.obj
LOAD CMakeFiles/template.elf.dir/Lib/Src/stm32f1xx_ll_gpio.c.obj
LOAD CMakeFiles/template.elf.dir/Lib/Src/stm32f1xx_ll_i2c.c.obj
LOAD CMakeFiles/template.elf.dir/Lib/Src/stm32f1xx_ll_pwr.c.obj
LOAD CMakeFiles/template.elf.dir/Lib/Src/stm32f1xx_ll_rcc.c.obj
LOAD CMakeFiles/template.elf.dir/Lib/Src/stm32f1xx_ll_rtc.c.obj
LOAD CMakeFiles/template.elf.dir/Lib/Src/stm32f1xx_ll_sdmmc.c.obj
LOAD CMakeFiles/template.elf.dir/Lib/Src/stm32f1xx_ll_spi.c.obj
LOAD CMakeFiles/template.elf.dir/Lib/Src/stm32f1xx_ll_tim.c.obj
LOAD CMakeFiles/template.elf.dir/Lib/Src/stm32f1xx_ll_usart.c.obj
LOAD CMakeFiles/template.elf.dir/Lib/Src/stm32f1xx_ll_usb.c.obj
LOAD CMakeFiles/template.elf.dir/Lib/Src/stm32f1xx_ll_utils.c.obj
LOAD CMakeFiles/template.elf.dir/Startup/startup_stm32f103xb.s.obj
LOAD CMakeFiles/template.elf.dir/User/Src/gpio.c.obj
LOAD CMakeFiles/template.elf.dir/User/Src/main.c.obj
LOAD CMakeFiles/template.elf.dir/User/Src/stm32f1xx_hal_msp.c.obj
LOAD CMakeFiles/template.elf.dir/User/Src/stm32f1xx_it.c.obj
LOAD CMakeFiles/template.elf.dir/User/Src/syscalls.c.obj
LOAD CMakeFiles/template.elf.dir/User/Src/sysmem.c.obj
LOAD CMakeFiles/template.elf.dir/User/Src/system_stm32f1xx.c.obj
START GROUP
LOAD D:/arm32-none-none-gnueabi-toolchain/arm-gnu-toolchain-15.2.rel1-mingw-w64-x86_64-arm-none-eabi/bin/../lib/gcc/arm-none-eabi/15.2.1/thumb/v7-m/nofp\libgcc.a
LOAD D:/arm32-none-none-gnueabi-toolchain/arm-gnu-toolchain-15.2.rel1-mingw-w64-x86_64-arm-none-eabi/bin/../lib/gcc/arm-none-eabi/15.2.1/../../../../arm-none-eabi/lib/thumb/v7-m/nofp\libc_nano.a
END GROUP
START GROUP
LOAD D:/arm32-none-none-gnueabi-toolchain/arm-gnu-toolchain-15.2.rel1-mingw-w64-x86_64-arm-none-eabi/bin/../lib/gcc/arm-none-eabi/15.2.1/thumb/v7-m/nofp\libgcc.a
LOAD D:/arm32-none-none-gnueabi-toolchain/arm-gnu-toolchain-15.2.rel1-mingw-w64-x86_64-arm-none-eabi/bin/../lib/gcc/arm-none-eabi/15.2.1/../../../../arm-none-eabi/lib/thumb/v7-m/nofp\libc_nano.a
LOAD D:/arm32-none-none-gnueabi-toolchain/arm-gnu-toolchain-15.2.rel1-mingw-w64-x86_64-arm-none-eabi/bin/../lib/gcc/arm-none-eabi/15.2.1/../../../../arm-none-eabi/lib/thumb/v7-m/nofp\libnosys.a
END GROUP
START GROUP
LOAD D:/arm32-none-none-gnueabi-toolchain/arm-gnu-toolchain-15.2.rel1-mingw-w64-x86_64-arm-none-eabi/bin/../lib/gcc/arm-none-eabi/15.2.1/thumb/v7-m/nofp\libgcc.a
LOAD D:/arm32-none-none-gnueabi-toolchain/arm-gnu-toolchain-15.2.rel1-mingw-w64-x86_64-arm-none-eabi/bin/../lib/gcc/arm-none-eabi/15.2.1/../../../../arm-none-eabi/lib/thumb/v7-m/nofp\libc_nano.a
LOAD D:/arm32-none-none-gnueabi-toolchain/arm-gnu-toolchain-15.2.rel1-mingw-w64-x86_64-arm-none-eabi/bin/../lib/gcc/arm-none-eabi/15.2.1/../../../../arm-none-eabi/lib/thumb/v7-m/nofp\libnosys.a
END GROUP
LOAD D:/arm32-none-none-gnueabi-toolchain/arm-gnu-toolchain-15.2.rel1-mingw-w64-x86_64-arm-none-eabi/bin/../lib/gcc/arm-none-eabi/15.2.1/thumb/v7-m/nofp/crtend.o
LOAD D:/arm32-none-none-gnueabi-toolchain/arm-gnu-toolchain-15.2.rel1-mingw-w64-x86_64-arm-none-eabi/bin/../lib/gcc/arm-none-eabi/15.2.1/thumb/v7-m/nofp/crtn.o
                0x20005000                        _estack = (ORIGIN (RAM) + LENGTH (RAM))
                0x20004c00                        _sstack = (_estack - _Min_Stack_Size)
                0x00000200                        _Min_Heap_Size = 0x200
                0x00000400                        _Min_Stack_Size = 0x400

.isr_vector     0x08000000      0x10c
                0x08000000                        . = ALIGN (0x4)
 *(.isr_vector)
 .isr_vector    0x08000000      0x10c CMakeFiles/template.elf.dir/Startup/startup_stm32f103xb.s.obj
                0x08000000                g_pfnVectors
                0x0800010c                        . = ALIGN (0x4)

.text           0x08000110     0x42c8
                0x08000110                        . = ALIGN (0x4)
 *(.text)
 .text          0x08000110       0x10 D:/arm32-none-none-gnueabi-toolchain/arm-gnu-toolchain-15.2.rel1-mingw-w64-x86_64-arm-none-eabi/bin/../lib/gcc/arm-none-eabi/15.2.1/../../../../arm-none-eabi/lib/thumb/v7-m/nofp\libc_nano.a(libc_a-strlen.o)
                0x08000110                strlen
 .text          0x08000120      0x378 D:/arm32-none-none-gnueabi-toolchain/arm-gnu-toolchain-15.2.rel1-mingw-w64-x86_64-arm-none-eabi/bin/../lib/gcc/arm-none-eabi/15.2.1/thumb/v7-m/nofp\libgcc.a(_arm_addsubdf3.o)
                0x08000120                __aeabi_drsub
                0x08000128                __aeabi_dsub
                0x08000128                __subdf3
                0x0800012c                __aeabi_dadd
                0x0800012c                __adddf3
                0x080003a4                __floatunsidf
                0x080003a4                __aeabi_ui2d
                0x080003c4                __floatsidf
                0x080003c4                __aeabi_i2d
                0x080003e8                __aeabi_f2d
                0x080003e8                __extendsfdf2
                0x0800042c                __floatundidf
                0x0800042c                __aeabi_ul2d
                0x0800043c                __floatdidf
                0x0800043c                __aeabi_l2d
 .text          0x08000498      0x424 D:/arm32-none-none-gnueabi-toolchain/arm-gnu-toolchain-15.2.rel1-mingw-w64-x86_64-arm-none-eabi/bin/../lib/gcc/arm-none-eabi/15.2.1/thumb/v7-m/nofp\libgcc.a(_arm_muldivdf3.o)
                0x08000498                __aeabi_dmul
                0x08000498                __muldf3
                0x080006ec                __divdf3
                0x080006ec                __aeabi_ddiv
 .text          0x080008bc      0x110 D:/arm32-none-none-gnueabi-toolchain/arm-gnu-toolchain-15.2.rel1-mingw-w64-x86_64-arm-none-eabi/bin/../lib/gcc/arm-none-eabi/15.2.1/thumb/v7-m/nofp\libgcc.a(_arm_cmpdf2.o)
                0x080008bc                __gtdf2
                0x080008bc                __gedf2
                0x080008c4                __ltdf2
                0x080008c4                __ledf2
                0x080008cc                __nedf2
                0x080008cc                __eqdf2
                0x080008cc                __cmpdf2
                0x08000948                __aeabi_cdrcmple
                0x08000958                __aeabi_cdcmpeq
                0x08000958                __aeabi_cdcmple
                0x08000968                __aeabi_dcmpeq
                0x0800097c                __aeabi_dcmplt
                0x08000990                __aeabi_dcmple
                0x080009a4                __aeabi_dcmpge
                0x080009b8                __aeabi_dcmpgt
 .text          0x080009cc       0x2c D:/arm32-none-none-gnueabi-toolchain/arm-gnu-toolchain-15.2.rel1-mingw-w64-x86_64-arm-none-eabi/bin/../lib/gcc/arm-none-eabi/15.2.1/thumb/v7-m/nofp\libgcc.a(_arm_unorddf2.o)
                0x080009cc                __unorddf2
                0x080009cc                __aeabi_dcmpun
 .text          0x080009f8       0x50 D:/arm32-none-none-gnueabi-toolchain/arm-gnu-toolchain-15.2.rel1-mingw-w64-x86_64-arm-none-eabi/bin/../lib/gcc/arm-none-eabi/15.2.1/thumb/v7-m/nofp\libgcc.a(_arm_fixdfsi.o)
                0x080009f8                __aeabi_d2iz
                0x080009f8                __fixdfsi
 *(.text*)
 .text.deregister_tm_clones
                0x08000a48       0x1c D:/arm32-none-none-gnueabi-toolchain/arm-gnu-toolchain-15.2.rel1-mingw-w64-x86_64-arm-none-eabi/bin/../lib/gcc/arm-none-eabi/15.2.1/thumb/v7-m/nofp/crtbegin.o
 .text.register_tm_clones
                0x08000a64       0x24 D:/arm32-none-none-gnueabi-toolchain/arm-gnu-toolchain-15.2.rel1-mingw-w64-x86_64-arm-none-eabi/bin/../lib/gcc/arm-none-eabi/15.2.1/thumb/v7-m/nofp/crtbegin.o
 .text.__do_global_dtors_aux
                0x08000a88       0x28 D:/arm32-none-none-gnueabi-toolchain/arm-gnu-toolchain-15.2.rel1-mingw-w64-x86_64-arm-none-eabi/bin/../lib/gcc/arm-none-eabi/15.2.1/thumb/v7-m/nofp/crtbegin.o
 .text.frame_dummy
                0x08000ab0       0x24 D:/arm32-none-none-gnueabi-toolchain/arm-gnu-toolchain-15.2.rel1-mingw-w64-x86_64-arm-none-eabi/bin/../lib/gcc/arm-none-eabi/15.2.1/thumb/v7-m/nofp/crtbegin.o
 .text.HAL_Init
                0x08000ad4       0x24 CMakeFiles/template.elf.dir/Lib/Src/stm32f1xx_hal.c.obj
                0x08000ad4                HAL_Init
 .text.HAL_IncTick
                0x08000af8       0x18 CMakeFiles/template.elf.dir/Lib/Src/stm32f1xx_hal.c.obj
                0x08000af8                HAL_IncTick
 .text.HAL_GetTick
                0x08000b10        0xc CMakeFiles/template.elf.dir/Lib/Src/stm32f1xx_hal.c.obj
                0x08000b10                HAL_GetTick
 .text.HAL_Delay
                0x08000b1c       0x28 CMakeFiles/template.elf.dir/Lib/Src/stm32f1xx_hal.c.obj
                0x08000b1c                HAL_Delay
 .text.__NVIC_SetPriority
                0x08000b44       0x28 CMakeFiles/template.elf.dir/Lib/Src/stm32f1xx_hal_cortex.c.obj
 .text.NVIC_EncodePriority
                0x08000b6c       0x46 CMakeFiles/template.elf.dir/Lib/Src/stm32f1xx_hal_cortex.c.obj
 *fill*         0x08000bb2        0x2 
 .text.HAL_NVIC_SetPriorityGrouping
                0x08000bb4       0x24 CMakeFiles/template.elf.dir/Lib/Src/stm32f1xx_hal_cortex.c.obj
                0x08000bb4                HAL_NVIC_SetPriorityGrouping
 .text.HAL_NVIC_SetPriority
                0x08000bd8       0x20 CMakeFiles/template.elf.dir/Lib/Src/stm32f1xx_hal_cortex.c.obj
                0x08000bd8                HAL_NVIC_SetPriority
 .text.HAL_NVIC_EnableIRQ
                0x08000bf8       0x1c CMakeFiles/template.elf.dir/Lib/Src/stm32f1xx_hal_cortex.c.obj
                0x08000bf8                HAL_NVIC_EnableIRQ
 .text.HAL_GPIO_Init
                0x08000c14      0x1e4 CMakeFiles/template.elf.dir/Lib/Src/stm32f1xx_hal_gpio.c.obj
                0x08000c14                HAL_GPIO_Init
 .text.HAL_GPIO_WritePin
                0x08000df8        0xc CMakeFiles/template.elf.dir/Lib/Src/stm32f1xx_hal_gpio.c.obj
                0x08000df8                HAL_GPIO_WritePin
 .text.HAL_GPIO_TogglePin
                0x08000e04       0x12 CMakeFiles/template.elf.dir/Lib/Src/stm32f1xx_hal_gpio.c.obj
                0x08000e04                HAL_GPIO_TogglePin
 *fill*         0x08000e16        0x2 
 .text.RCC_Delay
                0x08000e18       0x2c CMakeFiles/template.elf.dir/Lib/Src/stm32f1xx_hal_rcc.c.obj
 .text.HAL_RCC_OscConfig
                0x08000e44      0x414 CMakeFiles/template.elf.dir/Lib/Src/stm32f1xx_hal_rcc.c.obj
                0x08000e44                HAL_RCC_OscConfig
 .text.HAL_RCC_GetSysClockFreq
                0x08001258       0x54 CMakeFiles/template.elf.dir/Lib/Src/stm32f1xx_hal_rcc.c.obj
                0x08001258                HAL_RCC_GetSysClockFreq
 .text.HAL_RCC_ClockConfig
                0x080012ac      0x16c CMakeFiles/template.elf.dir/Lib/Src/stm32f1xx_hal_rcc.c.obj
                0x080012ac                HAL_RCC_ClockConfig
 .text.HAL_RCC_GetHCLKFreq
                0x08001418        0xc CMakeFiles/template.elf.dir/Lib/Src/stm32f1xx_hal_rcc.c.obj
                0x08001418                HAL_RCC_GetHCLKFreq
 .text.HAL_RCC_GetPCLK1Freq
                0x08001424       0x20 CMakeFiles/template.elf.dir/Lib/Src/stm32f1xx_hal_rcc.c.obj
                0x08001424                HAL_RCC_GetPCLK1Freq
 .text.HAL_RCC_GetClockConfig
                0x08001444       0x3c CMakeFiles/template.elf.dir/Lib/Src/stm32f1xx_hal_rcc.c.obj
                0x08001444                HAL_RCC_GetClockConfig
 .text.HAL_TIM_Base_MspInit
                0x08001480        0x2 CMakeFiles/template.elf.dir/Lib/Src/stm32f1xx_hal_tim.c.obj
                0x08001480                HAL_TIM_Base_MspInit
 *fill*         0x08001482        0x2 
 .text.HAL_TIM_Base_Start_IT
                0x08001484       0x64 CMakeFiles/template.elf.dir/Lib/Src/stm32f1xx_hal_tim.c.obj
                0x08001484                HAL_TIM_Base_Start_IT
 .text.HAL_TIM_OC_DelayElapsedCallback
                0x080014e8        0x2 CMakeFiles/template.elf.dir/Lib/Src/stm32f1xx_hal_tim.c.obj
                0x080014e8                HAL_TIM_OC_DelayElapsedCallback
 .text.HAL_TIM_IC_CaptureCallback
                0x080014ea        0x2 CMakeFiles/template.elf.dir/Lib/Src/stm32f1xx_hal_tim.c.obj
                0x080014ea                HAL_TIM_IC_CaptureCallback
 .text.HAL_TIM_PWM_PulseFinishedCallback
                0x080014ec        0x2 CMakeFiles/template.elf.dir/Lib/Src/stm32f1xx_hal_tim.c.obj
                0x080014ec                HAL_TIM_PWM_PulseFinishedCallback
 .text.HAL_TIM_TriggerCallback
                0x080014ee        0x2 CMakeFiles/template.elf.dir/Lib/Src/stm32f1xx_hal_tim.c.obj
                0x080014ee                HAL_TIM_TriggerCallback
 .text.HAL_TIM_IRQHandler
                0x080014f0      0x15e CMakeFiles/template.elf.dir/Lib/Src/stm32f1xx_hal_tim.c.obj
                0x080014f0                HAL_TIM_IRQHandler
 *fill*         0x0800164e        0x2 
 .text.TIM_Base_SetConfig
                0x08001650       0x84 CMakeFiles/template.elf.dir/Lib/Src/stm32f1xx_hal_tim.c.obj
                0x08001650                TIM_Base_SetConfig
 .text.HAL_TIM_Base_Init
                0x080016d4       0x58 CMakeFiles/template.elf.dir/Lib/Src/stm32f1xx_hal_tim.c.obj
                0x080016d4                HAL_TIM_Base_Init
 .text.HAL_TIMEx_CommutCallback
                0x0800172c        0x2 CMakeFiles/template.elf.dir/Lib/Src/stm32f1xx_hal_tim_ex.c.obj
                0x0800172c                HAL_TIMEx_CommutCallback
 .text.HAL_TIMEx_BreakCallback
                0x0800172e        0x2 CMakeFiles/template.elf.dir/Lib/Src/stm32f1xx_hal_tim_ex.c.obj
                0x0800172e                HAL_TIMEx_BreakCallback
 .text.HAL_InitTick
                0x08001730       0xa0 CMakeFiles/template.elf.dir/Lib/Src/stm32f1xx_hal_timebase_tim.c.obj
                0x08001730                HAL_InitTick
 .text.HAL_TIM_PeriodElapsedCallback
                0x080017d0        0x8 CMakeFiles/template.elf.dir/Lib/Src/stm32f1xx_hal_timebase_tim.c.obj
                0x080017d0                HAL_TIM_PeriodElapsedCallback
 .text.TIM2_IRQHandler
                0x080017d8       0x10 CMakeFiles/template.elf.dir/Lib/Src/stm32f1xx_hal_timebase_tim.c.obj
                0x080017d8                TIM2_IRQHandler
 .text.Reset_Handler
                0x080017e8       0x48 CMakeFiles/template.elf.dir/Startup/startup_stm32f103xb.s.obj
                0x080017e8                Reset_Handler
 .text.Default_Handler
                0x08001830        0x2 CMakeFiles/template.elf.dir/Startup/startup_stm32f103xb.s.obj
                0x08001830                RTC_Alarm_IRQHandler
                0x08001830                EXTI2_IRQHandler
                0x08001830                TIM1_CC_IRQHandler
                0x08001830                PVD_IRQHandler
                0x08001830                EXTI3_IRQHandler
                0x08001830                EXTI0_IRQHandler
                0x08001830                I2C2_EV_IRQHandler
                0x08001830                ADC1_2_IRQHandler
                0x08001830                SPI1_IRQHandler
                0x08001830                TAMPER_IRQHandler
                0x08001830                DMA1_Channel4_IRQHandler
                0x08001830                USART3_IRQHandler
                0x08001830                RTC_IRQHandler
                0x08001830                DMA1_Channel7_IRQHandler
                0x08001830                CAN1_RX1_IRQHandler
                0x08001830                TIM4_IRQHandler
                0x08001830                I2C1_EV_IRQHandler
                0x08001830                DMA1_Channel6_IRQHandler
                0x08001830                TIM3_IRQHandler
                0x08001830                RCC_IRQHandler
                0x08001830                TIM1_TRG_COM_IRQHandler
                0x08001830                DMA1_Channel1_IRQHandler
                0x08001830                Default_Handler
                0x08001830                EXTI15_10_IRQHandler
                0x08001830                EXTI9_5_IRQHandler
                0x08001830                SPI2_IRQHandler
                0x08001830                DMA1_Channel5_IRQHandler
                0x08001830                EXTI4_IRQHandler
                0x08001830                USB_LP_CAN1_RX0_IRQHandler
                0x08001830                USB_HP_CAN1_TX_IRQHandler
                0x08001830                DMA1_Channel3_IRQHandler
                0x08001830                TIM1_UP_IRQHandler
                0x08001830                WWDG_IRQHandler
                0x08001830                TIM1_BRK_IRQHandler
                0x08001830                EXTI1_IRQHandler
                0x08001830                USART2_IRQHandler
                0x08001830                I2C2_ER_IRQHandler
                0x08001830                DMA1_Channel2_IRQHandler
                0x08001830                CAN1_SCE_IRQHandler
                0x08001830                FLASH_IRQHandler
                0x08001830                USART1_IRQHandler
                0x08001830                I2C1_ER_IRQHandler
                0x08001830                USBWakeUp_IRQHandler
 *fill*         0x08001832        0x2 
 .text.MX_GPIO_Init
                0x08001834       0x78 CMakeFiles/template.elf.dir/User/Src/gpio.c.obj
                0x08001834                MX_GPIO_Init
 .text.Error_Handler
                0x080018ac        0x4 CMakeFiles/template.elf.dir/User/Src/main.c.obj
                0x080018ac                Error_Handler
 .text.SystemClock_Config
                0x080018b0       0x62 CMakeFiles/template.elf.dir/User/Src/main.c.obj
                0x080018b0                SystemClock_Config
 *fill*         0x08001912        0x2 
 .text.main     0x08001914       0x24 CMakeFiles/template.elf.dir/User/Src/main.c.obj
                0x08001914                main
 .text.HAL_MspInit
                0x08001938       0x44 CMakeFiles/template.elf.dir/User/Src/stm32f1xx_hal_msp.c.obj
                0x08001938                HAL_MspInit
 .text.NMI_Handler
                0x0800197c        0x2 CMakeFiles/template.elf.dir/User/Src/stm32f1xx_it.c.obj
                0x0800197c                NMI_Handler
 .text.HardFault_Handler
                0x0800197e        0x2 CMakeFiles/template.elf.dir/User/Src/stm32f1xx_it.c.obj
                0x0800197e                HardFault_Handler
 .text.MemManage_Handler
                0x08001980        0x2 CMakeFiles/template.elf.dir/User/Src/stm32f1xx_it.c.obj
                0x08001980                MemManage_Handler
 .text.BusFault_Handler
                0x08001982        0x2 CMakeFiles/template.elf.dir/User/Src/stm32f1xx_it.c.obj
                0x08001982                BusFault_Handler
 .text.UsageFault_Handler
                0x08001984        0x2 CMakeFiles/template.elf.dir/User/Src/stm32f1xx_it.c.obj
                0x08001984                UsageFault_Handler
 .text.SVC_Handler
                0x08001986        0x2 CMakeFiles/template.elf.dir/User/Src/stm32f1xx_it.c.obj
                0x08001986                SVC_Handler
 .text.DebugMon_Handler
                0x08001988        0x2 CMakeFiles/template.elf.dir/User/Src/stm32f1xx_it.c.obj
                0x08001988                DebugMon_Handler
 .text.PendSV_Handler
                0x0800198a        0x2 CMakeFiles/template.elf.dir/User/Src/stm32f1xx_it.c.obj
                0x0800198a                PendSV_Handler
 .text.SysTick_Handler
                0x0800198c        0x8 CMakeFiles/template.elf.dir/User/Src/stm32f1xx_it.c.obj
                0x0800198c                SysTick_Handler
 .text._getpid  0x08001994        0x4 CMakeFiles/template.elf.dir/User/Src/syscalls.c.obj
                0x08001994                _getpid
 .text._kill    0x08001998       0x10 CMakeFiles/template.elf.dir/User/Src/syscalls.c.obj
                0x08001998                _kill
 .text._exit    0x080019a8        0xc CMakeFiles/template.elf.dir/User/Src/syscalls.c.obj
                0x080019a8                _exit
 .text._read    0x080019b4       0x20 CMakeFiles/template.elf.dir/User/Src/syscalls.c.obj
                0x080019b4                _read
 .text._write   0x080019d4       0x1c CMakeFiles/template.elf.dir/User/Src/syscalls.c.obj
                0x080019d4                _write
 .text._close   0x080019f0        0x6 CMakeFiles/template.elf.dir/User/Src/syscalls.c.obj
                0x080019f0                _close
 .text._fstat   0x080019f6        0xa CMakeFiles/template.elf.dir/User/Src/syscalls.c.obj
                0x080019f6                _fstat
 .text._isatty  0x08001a00        0x4 CMakeFiles/template.elf.dir/User/Src/syscalls.c.obj
                0x08001a00                _isatty
 .text._lseek   0x08001a04        0x4 CMakeFiles/template.elf.dir/User/Src/syscalls.c.obj
                0x08001a04                _lseek
 .text._sbrk    0x08001a08       0x4c CMakeFiles/template.elf.dir/User/Src/sysmem.c.obj
                0x08001a08                _sbrk
 .text.SystemInit
                0x08001a54        0x2 CMakeFiles/template.elf.dir/User/Src/system_stm32f1xx.c.obj
                0x08001a54                SystemInit
 .text.__cvt    0x08001a56       0xc2 D:/arm32-none-none-gnueabi-toolchain/arm-gnu-toolchain-15.2.rel1-mingw-w64-x86_64-arm-none-eabi/bin/../lib/gcc/arm-none-eabi/15.2.1/../../../../arm-none-eabi/lib/thumb/v7-m/nofp\libc_nano.a(libc_a-nano-vfprintf_float.o)
                0x08001a56                __cvt
 .text.__exponent
                0x08001b18       0x78 D:/arm32-none-none-gnueabi-toolchain/arm-gnu-toolchain-15.2.rel1-mingw-w64-x86_64-arm-none-eabi/bin/../lib/gcc/arm-none-eabi/15.2.1/../../../../arm-none-eabi/lib/thumb/v7-m/nofp\libc_nano.a(libc_a-nano-vfprintf_float.o)
                0x08001b18                __exponent
 .text._printf_float
                0x08001b90      0x454 D:/arm32-none-none-gnueabi-toolchain/arm-gnu-toolchain-15.2.rel1-mingw-w64-x86_64-arm-none-eabi/bin/../lib/gcc/arm-none-eabi/15.2.1/../../../../arm-none-eabi/lib/thumb/v7-m/nofp\libc_nano.a(libc_a-nano-vfprintf_float.o)
                0x08001b90                _printf_float
 .text._printf_common
                0x08001fe4       0xea D:/arm32-none-none-gnueabi-toolchain/arm-gnu-toolchain-15.2.rel1-mingw-w64-x86_64-arm-none-eabi/bin/../lib/gcc/arm-none-eabi/15.2.1/../../../../arm-none-eabi/lib/thumb/v7-m/nofp\libc_nano.a(libc_a-nano-vfprintf_i.o)
                0x08001fe4                _printf_common
 *fill*         0x080020ce        0x2 
 .text._printf_i
                0x080020d0      0x254 D:/arm32-none-none-gnueabi-toolchain/arm-gnu-toolchain-15.2.rel1-mingw-w64-x86_64-arm-none-eabi/bin/../lib/gcc/arm-none-eabi/15.2.1/../../../../arm-none-eabi/lib/thumb/v7-m/nofp\libc_nano.a(libc_a-nano-vfprintf_i.o)
                0x080020d0                _printf_i
 .text.std      0x08002324       0x6c D:/arm32-none-none-gnueabi-toolchain/arm-gnu-toolchain-15.2.rel1-mingw-w64-x86_64-arm-none-eabi/bin/../lib/gcc/arm-none-eabi/15.2.1/../../../../arm-none-eabi/lib/thumb/v7-m/nofp\libc_nano.a(libc_a-findfp.o)
 .text.stdio_exit_handler
                0x08002390       0x18 D:/arm32-none-none-gnueabi-toolchain/arm-gnu-toolchain-15.2.rel1-mingw-w64-x86_64-arm-none-eabi/bin/../lib/gcc/arm-none-eabi/15.2.1/../../../../arm-none-eabi/lib/thumb/v7-m/nofp\libc_nano.a(libc_a-findfp.o)
 .text.cleanup_stdio
                0x080023a8       0x40 D:/arm32-none-none-gnueabi-toolchain/arm-gnu-toolchain-15.2.rel1-mingw-w64-x86_64-arm-none-eabi/bin/../lib/gcc/arm-none-eabi/15.2.1/../../../../arm-none-eabi/lib/thumb/v7-m/nofp\libc_nano.a(libc_a-findfp.o)
 .text.global_stdio_init.part.0
                0x080023e8       0x40 D:/arm32-none-none-gnueabi-toolchain/arm-gnu-toolchain-15.2.rel1-mingw-w64-x86_64-arm-none-eabi/bin/../lib/gcc/arm-none-eabi/15.2.1/../../../../arm-none-eabi/lib/thumb/v7-m/nofp\libc_nano.a(libc_a-findfp.o)
 .text.__sfp_lock_acquire
                0x08002428        0xc D:/arm32-none-none-gnueabi-toolchain/arm-gnu-toolchain-15.2.rel1-mingw-w64-x86_64-arm-none-eabi/bin/../lib/gcc/arm-none-eabi/15.2.1/../../../../arm-none-eabi/lib/thumb/v7-m/nofp\libc_nano.a(libc_a-findfp.o)
                0x08002428                __sfp_lock_acquire
 .text.__sfp_lock_release
                0x08002434        0xc D:/arm32-none-none-gnueabi-toolchain/arm-gnu-toolchain-15.2.rel1-mingw-w64-x86_64-arm-none-eabi/bin/../lib/gcc/arm-none-eabi/15.2.1/../../../../arm-none-eabi/lib/thumb/v7-m/nofp\libc_nano.a(libc_a-findfp.o)
                0x08002434                __sfp_lock_release
 .text.__sinit  0x08002440       0x30 D:/arm32-none-none-gnueabi-toolchain/arm-gnu-toolchain-15.2.rel1-mingw-w64-x86_64-arm-none-eabi/bin/../lib/gcc/arm-none-eabi/15.2.1/../../../../arm-none-eabi/lib/thumb/v7-m/nofp\libc_nano.a(libc_a-findfp.o)
                0x08002440                __sinit
 .text._fwalk_sglue
                0x08002470       0x3a D:/arm32-none-none-gnueabi-toolchain/arm-gnu-toolchain-15.2.rel1-mingw-w64-x86_64-arm-none-eabi/bin/../lib/gcc/arm-none-eabi/15.2.1/../../../../arm-none-eabi/lib/thumb/v7-m/nofp\libc_nano.a(libc_a-fwalk.o)
                0x08002470                _fwalk_sglue
 .text.__sread  0x080024aa       0x22 D:/arm32-none-none-gnueabi-toolchain/arm-gnu-toolchain-15.2.rel1-mingw-w64-x86_64-arm-none-eabi/bin/../lib/gcc/arm-none-eabi/15.2.1/../../../../arm-none-eabi/lib/thumb/v7-m/nofp\libc_nano.a(libc_a-stdio.o)
                0x080024aa                __sread
 .text.__swrite
                0x080024cc       0x38 D:/arm32-none-none-gnueabi-toolchain/arm-gnu-toolchain-15.2.rel1-mingw-w64-x86_64-arm-none-eabi/bin/../lib/gcc/arm-none-eabi/15.2.1/../../../../arm-none-eabi/lib/thumb/v7-m/nofp\libc_nano.a(libc_a-stdio.o)
                0x080024cc                __swrite
 .text.__sseek  0x08002504       0x26 D:/arm32-none-none-gnueabi-toolchain/arm-gnu-toolchain-15.2.rel1-mingw-w64-x86_64-arm-none-eabi/bin/../lib/gcc/arm-none-eabi/15.2.1/../../../../arm-none-eabi/lib/thumb/v7-m/nofp\libc_nano.a(libc_a-stdio.o)
                0x08002504                __sseek
 .text.__sclose
                0x0800252a        0x8 D:/arm32-none-none-gnueabi-toolchain/arm-gnu-toolchain-15.2.rel1-mingw-w64-x86_64-arm-none-eabi/bin/../lib/gcc/arm-none-eabi/15.2.1/../../../../arm-none-eabi/lib/thumb/v7-m/nofp\libc_nano.a(libc_a-stdio.o)
                0x0800252a                __sclose
 .text.memset   0x08002532       0x10 D:/arm32-none-none-gnueabi-toolchain/arm-gnu-toolchain-15.2.rel1-mingw-w64-x86_64-arm-none-eabi/bin/../lib/gcc/arm-none-eabi/15.2.1/../../../../arm-none-eabi/lib/thumb/v7-m/nofp\libc_nano.a(libc_a-memset.o)
                0x08002532                memset
 *fill*         0x08002542        0x2 
 .text._localeconv_r
                0x08002544        0x8 D:/arm32-none-none-gnueabi-toolchain/arm-gnu-toolchain-15.2.rel1-mingw-w64-x86_64-arm-none-eabi/bin/../lib/gcc/arm-none-eabi/15.2.1/../../../../arm-none-eabi/lib/thumb/v7-m/nofp\libc_nano.a(libc_a-localeconv.o)
                0x08002544                _localeconv_r
 .text._close_r
                0x0800254c       0x20 D:/arm32-none-none-gnueabi-toolchain/arm-gnu-toolchain-15.2.rel1-mingw-w64-x86_64-arm-none-eabi/bin/../lib/gcc/arm-none-eabi/15.2.1/../../../../arm-none-eabi/lib/thumb/v7-m/nofp\libc_nano.a(libc_a-closer.o)
                0x0800254c                _close_r
 .text._lseek_r
                0x0800256c       0x24 D:/arm32-none-none-gnueabi-toolchain/arm-gnu-toolchain-15.2.rel1-mingw-w64-x86_64-arm-none-eabi/bin/../lib/gcc/arm-none-eabi/15.2.1/../../../../arm-none-eabi/lib/thumb/v7-m/nofp\libc_nano.a(libc_a-lseekr.o)
                0x0800256c                _lseek_r
 .text._read_r  0x08002590       0x24 D:/arm32-none-none-gnueabi-toolchain/arm-gnu-toolchain-15.2.rel1-mingw-w64-x86_64-arm-none-eabi/bin/../lib/gcc/arm-none-eabi/15.2.1/../../../../arm-none-eabi/lib/thumb/v7-m/nofp\libc_nano.a(libc_a-readr.o)
                0x08002590                _read_r
 .text._write_r
                0x080025b4       0x24 D:/arm32-none-none-gnueabi-toolchain/arm-gnu-toolchain-15.2.rel1-mingw-w64-x86_64-arm-none-eabi/bin/../lib/gcc/arm-none-eabi/15.2.1/../../../../arm-none-eabi/lib/thumb/v7-m/nofp\libc_nano.a(libc_a-writer.o)
                0x080025b4                _write_r
 .text.__errno  0x080025d8        0xc D:/arm32-none-none-gnueabi-toolchain/arm-gnu-toolchain-15.2.rel1-mingw-w64-x86_64-arm-none-eabi/bin/../lib/gcc/arm-none-eabi/15.2.1/../../../../arm-none-eabi/lib/thumb/v7-m/nofp\libc_nano.a(libc_a-errno.o)
                0x080025d8                __errno
 .text.__libc_init_array
                0x080025e4       0x48 D:/arm32-none-none-gnueabi-toolchain/arm-gnu-toolchain-15.2.rel1-mingw-w64-x86_64-arm-none-eabi/bin/../lib/gcc/arm-none-eabi/15.2.1/../../../../arm-none-eabi/lib/thumb/v7-m/nofp\libc_nano.a(libc_a-init.o)
                0x080025e4                __libc_init_array
 .text.__retarget_lock_init_recursive
                0x0800262c        0x2 D:/arm32-none-none-gnueabi-toolchain/arm-gnu-toolchain-15.2.rel1-mingw-w64-x86_64-arm-none-eabi/bin/../lib/gcc/arm-none-eabi/15.2.1/../../../../arm-none-eabi/lib/thumb/v7-m/nofp\libc_nano.a(libc_a-lock.o)
                0x0800262c                __retarget_lock_init_recursive
 .text.__retarget_lock_acquire_recursive
                0x0800262e        0x2 D:/arm32-none-none-gnueabi-toolchain/arm-gnu-toolchain-15.2.rel1-mingw-w64-x86_64-arm-none-eabi/bin/../lib/gcc/arm-none-eabi/15.2.1/../../../../arm-none-eabi/lib/thumb/v7-m/nofp\libc_nano.a(libc_a-lock.o)
                0x0800262e                __retarget_lock_acquire_recursive
 .text.__retarget_lock_release_recursive
                0x08002630        0x2 D:/arm32-none-none-gnueabi-toolchain/arm-gnu-toolchain-15.2.rel1-mingw-w64-x86_64-arm-none-eabi/bin/../lib/gcc/arm-none-eabi/15.2.1/../../../../arm-none-eabi/lib/thumb/v7-m/nofp\libc_nano.a(libc_a-lock.o)
                0x08002630                __retarget_lock_release_recursive
 .text.memchr   0x08002632       0x1c D:/arm32-none-none-gnueabi-toolchain/arm-gnu-toolchain-15.2.rel1-mingw-w64-x86_64-arm-none-eabi/bin/../lib/gcc/arm-none-eabi/15.2.1/../../../../arm-none-eabi/lib/thumb/v7-m/nofp\libc_nano.a(libc_a-memchr-stub.o)
                0x08002632                memchr
 .text.quorem   0x0800264e      0x110 D:/arm32-none-none-gnueabi-toolchain/arm-gnu-toolchain-15.2.rel1-mingw-w64-x86_64-arm-none-eabi/bin/../lib/gcc/arm-none-eabi/15.2.1/../../../../arm-none-eabi/lib/thumb/v7-m/nofp\libc_nano.a(libc_a-dtoa.o)
 *fill*         0x0800275e        0x2 
 .text._dtoa_r  0x08002760      0xbbc D:/arm32-none-none-gnueabi-toolchain/arm-gnu-toolchain-15.2.rel1-mingw-w64-x86_64-arm-none-eabi/bin/../lib/gcc/arm-none-eabi/15.2.1/../../../../arm-none-eabi/lib/thumb/v7-m/nofp\libc_nano.a(libc_a-dtoa.o)
                0x08002760                _dtoa_r
 .text._free_r  0x0800331c       0x94 D:/arm32-none-none-gnueabi-toolchain/arm-gnu-toolchain-15.2.rel1-mingw-w64-x86_64-arm-none-eabi/bin/../lib/gcc/arm-none-eabi/15.2.1/../../../../arm-none-eabi/lib/thumb/v7-m/nofp\libc_nano.a(libc_a-freer.o)
                0x0800331c                _free_r
 .text.malloc   0x080033b0       0x10 D:/arm32-none-none-gnueabi-toolchain/arm-gnu-toolchain-15.2.rel1-mingw-w64-x86_64-arm-none-eabi/bin/../lib/gcc/arm-none-eabi/15.2.1/../../../../arm-none-eabi/lib/thumb/v7-m/nofp\libc_nano.a(libc_a-malloc.o)
                0x080033b0                malloc
 .text.sbrk_aligned
                0x080033c0       0x44 D:/arm32-none-none-gnueabi-toolchain/arm-gnu-toolchain-15.2.rel1-mingw-w64-x86_64-arm-none-eabi/bin/../lib/gcc/arm-none-eabi/15.2.1/../../../../arm-none-eabi/lib/thumb/v7-m/nofp\libc_nano.a(libc_a-mallocr.o)
 .text._malloc_r
                0x08003404       0xf8 D:/arm32-none-none-gnueabi-toolchain/arm-gnu-toolchain-15.2.rel1-mingw-w64-x86_64-arm-none-eabi/bin/../lib/gcc/arm-none-eabi/15.2.1/../../../../arm-none-eabi/lib/thumb/v7-m/nofp\libc_nano.a(libc_a-mallocr.o)
                0x08003404                _malloc_r
 .text.__malloc_lock
                0x080034fc        0xc D:/arm32-none-none-gnueabi-toolchain/arm-gnu-toolchain-15.2.rel1-mingw-w64-x86_64-arm-none-eabi/bin/../lib/gcc/arm-none-eabi/15.2.1/../../../../arm-none-eabi/lib/thumb/v7-m/nofp\libc_nano.a(libc_a-mlock.o)
                0x080034fc                __malloc_lock
 .text.__malloc_unlock
                0x08003508        0xc D:/arm32-none-none-gnueabi-toolchain/arm-gnu-toolchain-15.2.rel1-mingw-w64-x86_64-arm-none-eabi/bin/../lib/gcc/arm-none-eabi/15.2.1/../../../../arm-none-eabi/lib/thumb/v7-m/nofp\libc_nano.a(libc_a-mlock.o)
                0x08003508                __malloc_unlock
 .text._Balloc  0x08003514       0x7c D:/arm32-none-none-gnueabi-toolchain/arm-gnu-toolchain-15.2.rel1-mingw-w64-x86_64-arm-none-eabi/bin/../lib/gcc/arm-none-eabi/15.2.1/../../../../arm-none-eabi/lib/thumb/v7-m/nofp\libc_nano.a(libc_a-mprec.o)
                0x08003514                _Balloc
 .text._Bfree   0x08003590       0x44 D:/arm32-none-none-gnueabi-toolchain/arm-gnu-toolchain-15.2.rel1-mingw-w64-x86_64-arm-none-eabi/bin/../lib/gcc/arm-none-eabi/15.2.1/../../../../arm-none-eabi/lib/thumb/v7-m/nofp\libc_nano.a(libc_a-mprec.o)
                0x08003590                _Bfree
 .text.__multadd
                0x080035d4       0x8c D:/arm32-none-none-gnueabi-toolchain/arm-gnu-toolchain-15.2.rel1-mingw-w64-x86_64-arm-none-eabi/bin/../lib/gcc/arm-none-eabi/15.2.1/../../../../arm-none-eabi/lib/thumb/v7-m/nofp\libc_nano.a(libc_a-mprec.o)
                0x080035d4                __multadd
 .text.__hi0bits
                0x08003660       0x3c D:/arm32-none-none-gnueabi-toolchain/arm-gnu-toolchain-15.2.rel1-mingw-w64-x86_64-arm-none-eabi/bin/../lib/gcc/arm-none-eabi/15.2.1/../../../../arm-none-eabi/lib/thumb/v7-m/nofp\libc_nano.a(libc_a-mprec.o)
                0x08003660                __hi0bits
 .text.__lo0bits
                0x0800369c       0x5c D:/arm32-none-none-gnueabi-toolchain/arm-gnu-toolchain-15.2.rel1-mingw-w64-x86_64-arm-none-eabi/bin/../lib/gcc/arm-none-eabi/15.2.1/../../../../arm-none-eabi/lib/thumb/v7-m/nofp\libc_nano.a(libc_a-mprec.o)
                0x0800369c                __lo0bits
 .text.__i2b    0x080036f8       0x2c D:/arm32-none-none-gnueabi-toolchain/arm-gnu-toolchain-15.2.rel1-mingw-w64-x86_64-arm-none-eabi/bin/../lib/gcc/arm-none-eabi/15.2.1/../../../../arm-none-eabi/lib/thumb/v7-m/nofp\libc_nano.a(libc_a-mprec.o)
                0x080036f8                __i2b
 .text.__multiply
                0x08003724      0x16c D:/arm32-none-none-gnueabi-toolchain/arm-gnu-toolchain-15.2.rel1-mingw-w64-x86_64-arm-none-eabi/bin/../lib/gcc/arm-none-eabi/15.2.1/../../../../arm-none-eabi/lib/thumb/v7-m/nofp\libc_nano.a(libc_a-mprec.o)
                0x08003724                __multiply
 .text.__pow5mult
                0x08003890       0xb8 D:/arm32-none-none-gnueabi-toolchain/arm-gnu-toolchain-15.2.rel1-mingw-w64-x86_64-arm-none-eabi/bin/../lib/gcc/arm-none-eabi/15.2.1/../../../../arm-none-eabi/lib/thumb/v7-m/nofp\libc_nano.a(libc_a-mprec.o)
                0x08003890                __pow5mult
 .text.__lshift
                0x08003948       0xe4 D:/arm32-none-none-gnueabi-toolchain/arm-gnu-toolchain-15.2.rel1-mingw-w64-x86_64-arm-none-eabi/bin/../lib/gcc/arm-none-eabi/15.2.1/../../../../arm-none-eabi/lib/thumb/v7-m/nofp\libc_nano.a(libc_a-mprec.o)
                0x08003948                __lshift
 .text.__mcmp   0x08003a2c       0x36 D:/arm32-none-none-gnueabi-toolchain/arm-gnu-toolchain-15.2.rel1-mingw-w64-x86_64-arm-none-eabi/bin/../lib/gcc/arm-none-eabi/15.2.1/../../../../arm-none-eabi/lib/thumb/v7-m/nofp\libc_nano.a(libc_a-mprec.o)
                0x08003a2c                __mcmp
 *fill*         0x08003a62        0x2 
 .text.__mdiff  0x08003a64      0x130 D:/arm32-none-none-gnueabi-toolchain/arm-gnu-toolchain-15.2.rel1-mingw-w64-x86_64-arm-none-eabi/bin/../lib/gcc/arm-none-eabi/15.2.1/../../../../arm-none-eabi/lib/thumb/v7-m/nofp\libc_nano.a(libc_a-mprec.o)
                0x08003a64                __mdiff
 .text.__d2b    0x08003b94       0xb0 D:/arm32-none-none-gnueabi-toolchain/arm-gnu-toolchain-15.2.rel1-mingw-w64-x86_64-arm-none-eabi/bin/../lib/gcc/arm-none-eabi/15.2.1/../../../../arm-none-eabi/lib/thumb/v7-m/nofp\libc_nano.a(libc_a-mprec.o)
                0x08003b94                __d2b
 .text.__sflush_r
                0x08003c44       0xf8 D:/arm32-none-none-gnueabi-toolchain/arm-gnu-toolchain-15.2.rel1-mingw-w64-x86_64-arm-none-eabi/bin/../lib/gcc/arm-none-eabi/15.2.1/../../../../arm-none-eabi/lib/thumb/v7-m/nofp\libc_nano.a(libc_a-fflush.o)
                0x08003c44                __sflush_r
 .text._fflush_r
                0x08003d3c       0x50 D:/arm32-none-none-gnueabi-toolchain/arm-gnu-toolchain-15.2.rel1-mingw-w64-x86_64-arm-none-eabi/bin/../lib/gcc/arm-none-eabi/15.2.1/../../../../arm-none-eabi/lib/thumb/v7-m/nofp\libc_nano.a(libc_a-fflush.o)
                0x08003d3c                _fflush_r
 .text._sbrk_r  0x08003d8c       0x20 D:/arm32-none-none-gnueabi-toolchain/arm-gnu-toolchain-15.2.rel1-mingw-w64-x86_64-arm-none-eabi/bin/../lib/gcc/arm-none-eabi/15.2.1/../../../../arm-none-eabi/lib/thumb/v7-m/nofp\libc_nano.a(libc_a-sbrkr.o)
                0x08003d8c                _sbrk_r
 .text.memcpy   0x08003dac       0x1c D:/arm32-none-none-gnueabi-toolchain/arm-gnu-toolchain-15.2.rel1-mingw-w64-x86_64-arm-none-eabi/bin/../lib/gcc/arm-none-eabi/15.2.1/../../../../arm-none-eabi/lib/thumb/v7-m/nofp\libc_nano.a(libc_a-memcpy-stub.o)
                0x08003dac                memcpy
 .text.__assert_func
                0x08003dc8       0x3c D:/arm32-none-none-gnueabi-toolchain/arm-gnu-toolchain-15.2.rel1-mingw-w64-x86_64-arm-none-eabi/bin/../lib/gcc/arm-none-eabi/15.2.1/../../../../arm-none-eabi/lib/thumb/v7-m/nofp\libc_nano.a(libc_a-assert.o)
                0x08003dc8                __assert_func
 .text._calloc_r
                0x08003e04       0x28 D:/arm32-none-none-gnueabi-toolchain/arm-gnu-toolchain-15.2.rel1-mingw-w64-x86_64-arm-none-eabi/bin/../lib/gcc/arm-none-eabi/15.2.1/../../../../arm-none-eabi/lib/thumb/v7-m/nofp\libc_nano.a(libc_a-callocr.o)
                0x08003e04                _calloc_r
 .text.__ascii_mbtowc
                0x08003e2c       0x24 D:/arm32-none-none-gnueabi-toolchain/arm-gnu-toolchain-15.2.rel1-mingw-w64-x86_64-arm-none-eabi/bin/../lib/gcc/arm-none-eabi/15.2.1/../../../../arm-none-eabi/lib/thumb/v7-m/nofp\libc_nano.a(libc_a-mbtowc_r.o)
                0x08003e2c                __ascii_mbtowc
 .text.__ascii_wctomb
                0x08003e50       0x1a D:/arm32-none-none-gnueabi-toolchain/arm-gnu-toolchain-15.2.rel1-mingw-w64-x86_64-arm-none-eabi/bin/../lib/gcc/arm-none-eabi/15.2.1/../../../../arm-none-eabi/lib/thumb/v7-m/nofp\libc_nano.a(libc_a-wctomb_r.o)
                0x08003e50                __ascii_wctomb
 *fill*         0x08003e6a        0x2 
 .text.fprintf  0x08003e6c       0x24 D:/arm32-none-none-gnueabi-toolchain/arm-gnu-toolchain-15.2.rel1-mingw-w64-x86_64-arm-none-eabi/bin/../lib/gcc/arm-none-eabi/15.2.1/../../../../arm-none-eabi/lib/thumb/v7-m/nofp\libc_nano.a(libc_a-fprintf.o)
                0x08003e6c                fiprintf
                0x08003e6c                fprintf
 .text.abort    0x08003e90        0xe D:/arm32-none-none-gnueabi-toolchain/arm-gnu-toolchain-15.2.rel1-mingw-w64-x86_64-arm-none-eabi/bin/../lib/gcc/arm-none-eabi/15.2.1/../../../../arm-none-eabi/lib/thumb/v7-m/nofp\libc_nano.a(libc_a-abort.o)
                0x08003e90                abort
 .text.__sfputc_r
                0x08003e9e       0x2a D:/arm32-none-none-gnueabi-toolchain/arm-gnu-toolchain-15.2.rel1-mingw-w64-x86_64-arm-none-eabi/bin/../lib/gcc/arm-none-eabi/15.2.1/../../../../arm-none-eabi/lib/thumb/v7-m/nofp\libc_nano.a(libc_a-nano-vfprintf.o)
 .text.__sfputs_r
                0x08003ec8       0x24 D:/arm32-none-none-gnueabi-toolchain/arm-gnu-toolchain-15.2.rel1-mingw-w64-x86_64-arm-none-eabi/bin/../lib/gcc/arm-none-eabi/15.2.1/../../../../arm-none-eabi/lib/thumb/v7-m/nofp\libc_nano.a(libc_a-nano-vfprintf.o)
                0x08003ec8                __sfputs_r
 .text._vfprintf_r
                0x08003eec      0x228 D:/arm32-none-none-gnueabi-toolchain/arm-gnu-toolchain-15.2.rel1-mingw-w64-x86_64-arm-none-eabi/bin/../lib/gcc/arm-none-eabi/15.2.1/../../../../arm-none-eabi/lib/thumb/v7-m/nofp\libc_nano.a(libc_a-nano-vfprintf.o)
                0x08003eec                _vfprintf_r
                0x08003eec                _vfiprintf_r
 .text.__swbuf_r
                0x08004114       0x7a D:/arm32-none-none-gnueabi-toolchain/arm-gnu-toolchain-15.2.rel1-mingw-w64-x86_64-arm-none-eabi/bin/../lib/gcc/arm-none-eabi/15.2.1/../../../../arm-none-eabi/lib/thumb/v7-m/nofp\libc_nano.a(libc_a-wbuf.o)
                0x08004114                __swbuf_r
 *fill*         0x0800418e        0x2 
 .text.__swsetup_r
                0x08004190       0xa8 D:/arm32-none-none-gnueabi-toolchain/arm-gnu-toolchain-15.2.rel1-mingw-w64-x86_64-arm-none-eabi/bin/../lib/gcc/arm-none-eabi/15.2.1/../../../../arm-none-eabi/lib/thumb/v7-m/nofp\libc_nano.a(libc_a-wsetup.o)
                0x08004190                __swsetup_r
 .text._raise_r
                0x08004238       0x50 D:/arm32-none-none-gnueabi-toolchain/arm-gnu-toolchain-15.2.rel1-mingw-w64-x86_64-arm-none-eabi/bin/../lib/gcc/arm-none-eabi/15.2.1/../../../../arm-none-eabi/lib/thumb/v7-m/nofp\libc_nano.a(libc_a-signal.o)
                0x08004238                _raise_r
 .text.raise    0x08004288       0x10 D:/arm32-none-none-gnueabi-toolchain/arm-gnu-toolchain-15.2.rel1-mingw-w64-x86_64-arm-none-eabi/bin/../lib/gcc/arm-none-eabi/15.2.1/../../../../arm-none-eabi/lib/thumb/v7-m/nofp\libc_nano.a(libc_a-signal.o)
                0x08004288                raise
 .text._kill_r  0x08004298       0x24 D:/arm32-none-none-gnueabi-toolchain/arm-gnu-toolchain-15.2.rel1-mingw-w64-x86_64-arm-none-eabi/bin/../lib/gcc/arm-none-eabi/15.2.1/../../../../arm-none-eabi/lib/thumb/v7-m/nofp\libc_nano.a(libc_a-signalr.o)
                0x08004298                _kill_r
 .text._getpid_r
                0x080042bc        0x4 D:/arm32-none-none-gnueabi-toolchain/arm-gnu-toolchain-15.2.rel1-mingw-w64-x86_64-arm-none-eabi/bin/../lib/gcc/arm-none-eabi/15.2.1/../../../../arm-none-eabi/lib/thumb/v7-m/nofp\libc_nano.a(libc_a-signalr.o)
                0x080042bc                _getpid_r
 .text.__swhatbuf_r
                0x080042c0       0x48 D:/arm32-none-none-gnueabi-toolchain/arm-gnu-toolchain-15.2.rel1-mingw-w64-x86_64-arm-none-eabi/bin/../lib/gcc/arm-none-eabi/15.2.1/../../../../arm-none-eabi/lib/thumb/v7-m/nofp\libc_nano.a(libc_a-makebuf.o)
                0x080042c0                __swhatbuf_r
 .text.__smakebuf_r
                0x08004308       0x72 D:/arm32-none-none-gnueabi-toolchain/arm-gnu-toolchain-15.2.rel1-mingw-w64-x86_64-arm-none-eabi/bin/../lib/gcc/arm-none-eabi/15.2.1/../../../../arm-none-eabi/lib/thumb/v7-m/nofp\libc_nano.a(libc_a-makebuf.o)
                0x08004308                __smakebuf_r
 *fill*         0x0800437a        0x2 
 .text._fstat_r
                0x0800437c       0x24 D:/arm32-none-none-gnueabi-toolchain/arm-gnu-toolchain-15.2.rel1-mingw-w64-x86_64-arm-none-eabi/bin/../lib/gcc/arm-none-eabi/15.2.1/../../../../arm-none-eabi/lib/thumb/v7-m/nofp\libc_nano.a(libc_a-fstatr.o)
                0x0800437c                _fstat_r
 .text._isatty_r
                0x080043a0       0x20 D:/arm32-none-none-gnueabi-toolchain/arm-gnu-toolchain-15.2.rel1-mingw-w64-x86_64-arm-none-eabi/bin/../lib/gcc/arm-none-eabi/15.2.1/../../../../arm-none-eabi/lib/thumb/v7-m/nofp\libc_nano.a(libc_a-isattyr.o)
                0x080043a0                _isatty_r
 *(.glue_7)
 .glue_7        0x080043c0        0x0 linker stubs
 *(.glue_7t)
 .glue_7t       0x080043c0        0x0 linker stubs
 *(.eh_frame)
 .eh_frame      0x080043c0        0x0 D:/arm32-none-none-gnueabi-toolchain/arm-gnu-toolchain-15.2.rel1-mingw-w64-x86_64-arm-none-eabi/bin/../lib/gcc/arm-none-eabi/15.2.1/thumb/v7-m/nofp/crtbegin.o
 *(.init)
 .init          0x080043c0        0x4 D:/arm32-none-none-gnueabi-toolchain/arm-gnu-toolchain-15.2.rel1-mingw-w64-x86_64-arm-none-eabi/bin/../lib/gcc/arm-none-eabi/15.2.1/thumb/v7-m/nofp/crti.o
                0x080043c0                _init
 .init          0x080043c4        0x8 D:/arm32-none-none-gnueabi-toolchain/arm-gnu-toolchain-15.2.rel1-mingw-w64-x86_64-arm-none-eabi/bin/../lib/gcc/arm-none-eabi/15.2.1/thumb/v7-m/nofp/crtn.o
 *(.fini)
 .fini          0x080043cc        0x4 D:/arm32-none-none-gnueabi-toolchain/arm-gnu-toolchain-15.2.rel1-mingw-w64-x86_64-arm-none-eabi/bin/../lib/gcc/arm-none-eabi/15.2.1/thumb/v7-m/nofp/crti.o
                0x080043cc                _fini
 .fini          0x080043d0        0x8 D:/arm32-none-none-gnueabi-toolchain/arm-gnu-toolchain-15.2.rel1-mingw-w64-x86_64-arm-none-eabi/bin/../lib/gcc/arm-none-eabi/15.2.1/thumb/v7-m/nofp/crtn.o
                0x080043d8                        . = ALIGN (0x4)
                0x080043d8                        _etext = .

.vfp11_veneer   0x080043d8        0x0
 .vfp11_veneer  0x080043d8        0x0 linker stubs

.v4_bx          0x080043d8        0x0
 .v4_bx         0x080043d8        0x0 linker stubs

.iplt           0x080043d8        0x0
 .iplt          0x080043d8        0x0 D:/arm32-none-none-gnueabi-toolchain/arm-gnu-toolchain-15.2.rel1-mingw-w64-x86_64-arm-none-eabi/bin/../lib/gcc/arm-none-eabi/15.2.1/thumb/v7-m/nofp/crtbegin.o

.rodata         0x080043d8      0x3a4
                0x080043d8                        . = ALIGN (0x4)
 *(.rodata)
 *(.rodata*)
 .rodata.aPredivFactorTable.0
                0x080043d8        0x2 CMakeFiles/template.elf.dir/Lib/Src/stm32f1xx_hal_rcc.c.obj
 *fill*         0x080043da        0x2 
 .rodata.aPLLMULFactorTable.1
                0x080043dc       0x10 CMakeFiles/template.elf.dir/Lib/Src/stm32f1xx_hal_rcc.c.obj
 .rodata.APBPrescTable
                0x080043ec        0x8 CMakeFiles/template.elf.dir/User/Src/system_stm32f1xx.c.obj
                0x080043ec                APBPrescTable
 .rodata.AHBPrescTable
                0x080043f4       0x10 CMakeFiles/template.elf.dir/User/Src/system_stm32f1xx.c.obj
                0x080043f4                AHBPrescTable
 .rodata._printf_float.str1.1
                0x08004404      0x177 D:/arm32-none-none-gnueabi-toolchain/arm-gnu-toolchain-15.2.rel1-mingw-w64-x86_64-arm-none-eabi/bin/../lib/gcc/arm-none-eabi/15.2.1/../../../../arm-none-eabi/lib/thumb/v7-m/nofp\libc_nano.a(libc_a-nano-vfprintf_float.o)
                                 0x12 (size before relaxing)
 .rodata._printf_i.str1.1
                0x0800457b        0x0 D:/arm32-none-none-gnueabi-toolchain/arm-gnu-toolchain-15.2.rel1-mingw-w64-x86_64-arm-none-eabi/bin/../lib/gcc/arm-none-eabi/15.2.1/../../../../arm-none-eabi/lib/thumb/v7-m/nofp\libc_nano.a(libc_a-nano-vfprintf_i.o)
                                 0x22 (size before relaxing)
 .rodata._dtoa_r.str1.1
                0x0800457b        0x0 D:/arm32-none-none-gnueabi-toolchain/arm-gnu-toolchain-15.2.rel1-mingw-w64-x86_64-arm-none-eabi/bin/../lib/gcc/arm-none-eabi/15.2.1/../../../../arm-none-eabi/lib/thumb/v7-m/nofp\libc_nano.a(libc_a-dtoa.o)
                                 0x92 (size before relaxing)
 .rodata._Balloc.str1.1
                0x0800457b        0x0 D:/arm32-none-none-gnueabi-toolchain/arm-gnu-toolchain-15.2.rel1-mingw-w64-x86_64-arm-none-eabi/bin/../lib/gcc/arm-none-eabi/15.2.1/../../../../arm-none-eabi/lib/thumb/v7-m/nofp\libc_nano.a(libc_a-mprec.o)
                                 0x73 (size before relaxing)
 .rodata.__multadd.str1.1
                0x0800457b        0x0 D:/arm32-none-none-gnueabi-toolchain/arm-gnu-toolchain-15.2.rel1-mingw-w64-x86_64-arm-none-eabi/bin/../lib/gcc/arm-none-eabi/15.2.1/../../../../arm-none-eabi/lib/thumb/v7-m/nofp\libc_nano.a(libc_a-mprec.o)
                                 0x11 (size before relaxing)
 *fill*         0x0800457b        0x1 
 .rodata.p05.0  0x0800457c        0xc D:/arm32-none-none-gnueabi-toolchain/arm-gnu-toolchain-15.2.rel1-mingw-w64-x86_64-arm-none-eabi/bin/../lib/gcc/arm-none-eabi/15.2.1/../../../../arm-none-eabi/lib/thumb/v7-m/nofp\libc_nano.a(libc_a-mprec.o)
 .rodata.__mprec_bigtens
                0x08004588       0x28 D:/arm32-none-none-gnueabi-toolchain/arm-gnu-toolchain-15.2.rel1-mingw-w64-x86_64-arm-none-eabi/bin/../lib/gcc/arm-none-eabi/15.2.1/../../../../arm-none-eabi/lib/thumb/v7-m/nofp\libc_nano.a(libc_a-mprec.o)
                0x08004588                __mprec_bigtens
 .rodata.__mprec_tens
                0x080045b0       0xc8 D:/arm32-none-none-gnueabi-toolchain/arm-gnu-toolchain-15.2.rel1-mingw-w64-x86_64-arm-none-eabi/bin/../lib/gcc/arm-none-eabi/15.2.1/../../../../arm-none-eabi/lib/thumb/v7-m/nofp\libc_nano.a(libc_a-mprec.o)
                0x080045b0                __mprec_tens
 .rodata._setlocale_r.str1.1
                0x08004678        0x0 D:/arm32-none-none-gnueabi-toolchain/arm-gnu-toolchain-15.2.rel1-mingw-w64-x86_64-arm-none-eabi/bin/../lib/gcc/arm-none-eabi/15.2.1/../../../../arm-none-eabi/lib/thumb/v7-m/nofp\libc_nano.a(libc_a-locale.o)
                                  0x9 (size before relaxing)
 .rodata.str1.1
                0x08004678        0x0 D:/arm32-none-none-gnueabi-toolchain/arm-gnu-toolchain-15.2.rel1-mingw-w64-x86_64-arm-none-eabi/bin/../lib/gcc/arm-none-eabi/15.2.1/../../../../arm-none-eabi/lib/thumb/v7-m/nofp\libc_nano.a(libc_a-locale.o)
                                  0x2 (size before relaxing)
 .rodata.__assert_func.str1.1
                0x08004678        0x0 D:/arm32-none-none-gnueabi-toolchain/arm-gnu-toolchain-15.2.rel1-mingw-w64-x86_64-arm-none-eabi/bin/../lib/gcc/arm-none-eabi/15.2.1/../../../../arm-none-eabi/lib/thumb/v7-m/nofp\libc_nano.a(libc_a-assert.o)
                                 0x3d (size before relaxing)
 .rodata._ctype_
                0x08004678      0x101 D:/arm32-none-none-gnueabi-toolchain/arm-gnu-toolchain-15.2.rel1-mingw-w64-x86_64-arm-none-eabi/bin/../lib/gcc/arm-none-eabi/15.2.1/../../../../arm-none-eabi/lib/thumb/v7-m/nofp\libc_nano.a(libc_a-ctype_.o)
                0x08004678                _ctype_
 .rodata._vfprintf_r.str1.1
                0x08004779        0x0 D:/arm32-none-none-gnueabi-toolchain/arm-gnu-toolchain-15.2.rel1-mingw-w64-x86_64-arm-none-eabi/bin/../lib/gcc/arm-none-eabi/15.2.1/../../../../arm-none-eabi/lib/thumb/v7-m/nofp\libc_nano.a(libc_a-nano-vfprintf.o)
                                 0x11 (size before relaxing)
                0x0800477c                        . = ALIGN (0x4)
 *fill*         0x08004779        0x3 

.ARM.extab      0x0800477c        0x0
                0x0800477c                        . = ALIGN (0x4)
 *(.ARM.extab* .gnu.linkonce.armextab.*)
                0x0800477c                        . = ALIGN (0x4)

.ARM            0x0800477c        0x8
                0x0800477c                        . = ALIGN (0x4)
                0x0800477c                        __exidx_start = .
 *(.ARM.exidx*)
 .ARM.exidx     0x0800477c        0x8 D:/arm32-none-none-gnueabi-toolchain/arm-gnu-toolchain-15.2.rel1-mingw-w64-x86_64-arm-none-eabi/bin/../lib/gcc/arm-none-eabi/15.2.1/../../../../arm-none-eabi/lib/thumb/v7-m/nofp\libc_nano.a(libc_a-strlen.o)
                0x08004784                        __exidx_end = .
                0x08004784                        . = ALIGN (0x4)

.preinit_array  0x08004784        0x0
                0x08004784                        . = ALIGN (0x4)
                0x08004784                        PROVIDE (__preinit_array_start = .)
 *(.preinit_array*)
                0x08004784                        PROVIDE (__preinit_array_end = .)
                0x08004784                        . = ALIGN (0x4)

.init_array     0x08004784        0x4
                0x08004784                        . = ALIGN (0x4)
                0x08004784                        PROVIDE (__init_array_start = .)
 *(SORT_BY_NAME(.init_array.*))
 *(.init_array*)
 .init_array    0x08004784        0x4 D:/arm32-none-none-gnueabi-toolchain/arm-gnu-toolchain-15.2.rel1-mingw-w64-x86_64-arm-none-eabi/bin/../lib/gcc/arm-none-eabi/15.2.1/thumb/v7-m/nofp/crtbegin.o
                0x08004788                        PROVIDE (__init_array_end = .)
                0x08004788                        . = ALIGN (0x4)

.fini_array     0x08004788        0x4
                0x08004788                        . = ALIGN (0x4)
                [!provide]                        PROVIDE (__fini_array_start = .)
 *(SORT_BY_NAME(.fini_array.*))
 *(.fini_array*)
 .fini_array    0x08004788        0x4 D:/arm32-none-none-gnueabi-toolchain/arm-gnu-toolchain-15.2.rel1-mingw-w64-x86_64-arm-none-eabi/bin/../lib/gcc/arm-none-eabi/15.2.1/thumb/v7-m/nofp/crtbegin.o
                [!provide]                        PROVIDE (__fini_array_end = .)
                0x0800478c                        . = ALIGN (0x4)
                0x0800478c                        _sidata = LOADADDR (.data)

.rel.dyn        0x0800478c        0x0
 .rel.iplt      0x0800478c        0x0 D:/arm32-none-none-gnueabi-toolchain/arm-gnu-toolchain-15.2.rel1-mingw-w64-x86_64-arm-none-eabi/bin/../lib/gcc/arm-none-eabi/15.2.1/thumb/v7-m/nofp/crtbegin.o

.data           0x20000000      0x1d4 load address 0x0800478c
                0x20000000                        . = ALIGN (0x4)
                0x20000000                        _sdata = .
 *(.data)
 *(.data*)
 .data.uwTickFreq
                0x20000000        0x1 CMakeFiles/template.elf.dir/Lib/Src/stm32f1xx_hal.c.obj
                0x20000000                uwTickFreq
 *fill*         0x20000001        0x3 
 .data.uwTickPrio
                0x20000004        0x4 CMakeFiles/template.elf.dir/Lib/Src/stm32f1xx_hal.c.obj
                0x20000004                uwTickPrio
 .data.SystemCoreClock
                0x20000008        0x4 CMakeFiles/template.elf.dir/User/Src/system_stm32f1xx.c.obj
                0x20000008                SystemCoreClock
 .data.__sglue  0x2000000c        0xc D:/arm32-none-none-gnueabi-toolchain/arm-gnu-toolchain-15.2.rel1-mingw-w64-x86_64-arm-none-eabi/bin/../lib/gcc/arm-none-eabi/15.2.1/../../../../arm-none-eabi/lib/thumb/v7-m/nofp\libc_nano.a(libc_a-findfp.o)
                0x2000000c                __sglue
 .data._impure_ptr
                0x20000018        0x4 D:/arm32-none-none-gnueabi-toolchain/arm-gnu-toolchain-15.2.rel1-mingw-w64-x86_64-arm-none-eabi/bin/../lib/gcc/arm-none-eabi/15.2.1/../../../../arm-none-eabi/lib/thumb/v7-m/nofp\libc_nano.a(libc_a-impure.o)
                0x20000018                _impure_ptr
 .data._impure_data
                0x2000001c       0x4c D:/arm32-none-none-gnueabi-toolchain/arm-gnu-toolchain-15.2.rel1-mingw-w64-x86_64-arm-none-eabi/bin/../lib/gcc/arm-none-eabi/15.2.1/../../../../arm-none-eabi/lib/thumb/v7-m/nofp\libc_nano.a(libc_a-impure.o)
                0x2000001c                _impure_data
 .data.__global_locale
                0x20000068      0x16c D:/arm32-none-none-gnueabi-toolchain/arm-gnu-toolchain-15.2.rel1-mingw-w64-x86_64-arm-none-eabi/bin/../lib/gcc/arm-none-eabi/15.2.1/../../../../arm-none-eabi/lib/thumb/v7-m/nofp\libc_nano.a(libc_a-locale.o)
                0x20000068                __global_locale
 *(.RamFunc)
 *(.RamFunc*)
                0x200001d4                        . = ALIGN (0x4)

.tm_clone_table
                0x200001d4        0x0 load address 0x08004960
 .tm_clone_table
                0x200001d4        0x0 D:/arm32-none-none-gnueabi-toolchain/arm-gnu-toolchain-15.2.rel1-mingw-w64-x86_64-arm-none-eabi/bin/../lib/gcc/arm-none-eabi/15.2.1/thumb/v7-m/nofp/crtbegin.o
 .tm_clone_table
                0x200001d4        0x0 D:/arm32-none-none-gnueabi-toolchain/arm-gnu-toolchain-15.2.rel1-mingw-w64-x86_64-arm-none-eabi/bin/../lib/gcc/arm-none-eabi/15.2.1/thumb/v7-m/nofp/crtend.o

.igot.plt       0x200001d4        0x0 load address 0x08004960
 .igot.plt      0x200001d4        0x0 D:/arm32-none-none-gnueabi-toolchain/arm-gnu-toolchain-15.2.rel1-mingw-w64-x86_64-arm-none-eabi/bin/../lib/gcc/arm-none-eabi/15.2.1/thumb/v7-m/nofp/crtbegin.o

.tdata          0x200001d4        0x0 load address 0x08004960
 *(.tdata .tdata.* .gnu.linkonce.td.*)
                0x200001d4                        . = ALIGN (0x4)
                0x200001d4                        _edata = .
                [!provide]                        PROVIDE (__data_end = .)
                [!provide]                        PROVIDE (__tdata_end = .)
                [!provide]                        PROVIDE (__tdata_start = ADDR (.tdata))
                [!provide]                        PROVIDE (__tdata_size = (__tdata_end - __tdata_start))
                [!provide]                        PROVIDE (__data_start = ADDR (.data))
                [!provide]                        PROVIDE (__data_size = (__data_end - __data_start))
                [!provide]                        PROVIDE (__tdata_source = LOADADDR (.tdata))
                [!provide]                        PROVIDE (__tdata_source_end = (LOADADDR (.tdata) + SIZEOF (.tdata)))
                [!provide]                        PROVIDE (__tdata_source_size = (__tdata_source_end - __tdata_source))
                [!provide]                        PROVIDE (__data_source = LOADADDR (.data))
                [!provide]                        PROVIDE (__data_source_end = __tdata_source_end)
                [!provide]                        PROVIDE (__data_source_size = (__data_source_end - __data_source))

.tbss           0x200001d4        0x0 load address 0x08004960
                0x200001d4                        _sbss = .
                0x200001d4                        __bss_start__ = _sbss
 *(.tbss .tbss.*)
                0x200001d4                        . = ALIGN (0x4)
                [!provide]                        PROVIDE (__tbss_end = .)
                [!provide]                        PROVIDE (__tbss_start = ADDR (.tbss))
                [!provide]                        PROVIDE (__tbss_size = (__tbss_end - __tbss_start))
                [!provide]                        PROVIDE (__tbss_offset = (ADDR (.tbss) - ADDR (.tdata)))
                [!provide]                        PROVIDE (__tls_base = __tdata_start)
                [!provide]                        PROVIDE (__tls_end = __tbss_end)
                [!provide]                        PROVIDE (__tls_size = (__tls_end - __tls_base))
                [!provide]                        PROVIDE (__tls_align = MAX (ALIGNOF (.tdata), ALIGNOF (.tbss)))
                [!provide]                        PROVIDE (__tls_size_align = (((__tls_size + __tls_align) - 0x1) & ~ ((__tls_align - 0x1))))
                [!provide]                        PROVIDE (__arm32_tls_tcb_offset = MAX (0x8, __tls_align))
                [!provide]                        PROVIDE (__arm64_tls_tcb_offset = MAX (0x10, __tls_align))

.bss            0x200001d4      0x1b8 load address 0x08004960
 *(.bss)
 *(.bss*)
 .bss.completed.1
                0x200001d4        0x1 D:/arm32-none-none-gnueabi-toolchain/arm-gnu-toolchain-15.2.rel1-mingw-w64-x86_64-arm-none-eabi/bin/../lib/gcc/arm-none-eabi/15.2.1/thumb/v7-m/nofp/crtbegin.o
 *fill*         0x200001d5        0x3 
 .bss.object.0  0x200001d8       0x18 D:/arm32-none-none-gnueabi-toolchain/arm-gnu-toolchain-15.2.rel1-mingw-w64-x86_64-arm-none-eabi/bin/../lib/gcc/arm-none-eabi/15.2.1/thumb/v7-m/nofp/crtbegin.o
 .bss.uwTick    0x200001f0        0x4 CMakeFiles/template.elf.dir/Lib/Src/stm32f1xx_hal.c.obj
                0x200001f0                uwTick
 .bss.TimHandle
                0x200001f4       0x48 CMakeFiles/template.elf.dir/Lib/Src/stm32f1xx_hal_timebase_tim.c.obj
                0x200001f4                TimHandle
 .bss.__sbrk_heap_end
                0x2000023c        0x4 CMakeFiles/template.elf.dir/User/Src/sysmem.c.obj
 .bss.__sf      0x20000240      0x138 D:/arm32-none-none-gnueabi-toolchain/arm-gnu-toolchain-15.2.rel1-mingw-w64-x86_64-arm-none-eabi/bin/../lib/gcc/arm-none-eabi/15.2.1/../../../../arm-none-eabi/lib/thumb/v7-m/nofp\libc_nano.a(libc_a-findfp.o)
                0x20000240                __sf
 .bss.__stdio_exit_handler
                0x20000378        0x4 D:/arm32-none-none-gnueabi-toolchain/arm-gnu-toolchain-15.2.rel1-mingw-w64-x86_64-arm-none-eabi/bin/../lib/gcc/arm-none-eabi/15.2.1/../../../../arm-none-eabi/lib/thumb/v7-m/nofp\libc_nano.a(libc_a-findfp.o)
                0x20000378                __stdio_exit_handler
 .bss.errno     0x2000037c        0x4 D:/arm32-none-none-gnueabi-toolchain/arm-gnu-toolchain-15.2.rel1-mingw-w64-x86_64-arm-none-eabi/bin/../lib/gcc/arm-none-eabi/15.2.1/../../../../arm-none-eabi/lib/thumb/v7-m/nofp\libc_nano.a(libc_a-reent.o)
                0x2000037c                errno
 .bss.__lock___malloc_recursive_mutex
                0x20000380        0x1 D:/arm32-none-none-gnueabi-toolchain/arm-gnu-toolchain-15.2.rel1-mingw-w64-x86_64-arm-none-eabi/bin/../lib/gcc/arm-none-eabi/15.2.1/../../../../arm-none-eabi/lib/thumb/v7-m/nofp\libc_nano.a(libc_a-lock.o)
                0x20000380                __lock___malloc_recursive_mutex
 .bss.__lock___sfp_recursive_mutex
                0x20000381        0x1 D:/arm32-none-none-gnueabi-toolchain/arm-gnu-toolchain-15.2.rel1-mingw-w64-x86_64-arm-none-eabi/bin/../lib/gcc/arm-none-eabi/15.2.1/../../../../arm-none-eabi/lib/thumb/v7-m/nofp\libc_nano.a(libc_a-lock.o)
                0x20000381                __lock___sfp_recursive_mutex
 *fill*         0x20000382        0x2 
 .bss.__malloc_sbrk_start
                0x20000384        0x4 D:/arm32-none-none-gnueabi-toolchain/arm-gnu-toolchain-15.2.rel1-mingw-w64-x86_64-arm-none-eabi/bin/../lib/gcc/arm-none-eabi/15.2.1/../../../../arm-none-eabi/lib/thumb/v7-m/nofp\libc_nano.a(libc_a-mallocr.o)
                0x20000384                __malloc_sbrk_start
 .bss.__malloc_free_list
                0x20000388        0x4 D:/arm32-none-none-gnueabi-toolchain/arm-gnu-toolchain-15.2.rel1-mingw-w64-x86_64-arm-none-eabi/bin/../lib/gcc/arm-none-eabi/15.2.1/../../../../arm-none-eabi/lib/thumb/v7-m/nofp\libc_nano.a(libc_a-mallocr.o)
                0x20000388                __malloc_free_list
 *(COMMON)
                0x2000038c                        . = ALIGN (0x4)
                0x2000038c                        _ebss = .
                0x2000038c                        __bss_end__ = _ebss
                [!provide]                        PROVIDE (__bss_end = .)
                [!provide]                        PROVIDE (__non_tls_bss_start = ADDR (.bss))
                [!provide]                        PROVIDE (__bss_start = __tbss_start)
                [!provide]                        PROVIDE (__bss_size = (__bss_end - __bss_start))

._user_heap_stack
                0x2000038c      0x604 load address 0x08004960
                0x20000390                        . = ALIGN (0x8)
 *fill*         0x2000038c        0x4 
                [!provide]                        PROVIDE (end = .)
                0x20000390                        PROVIDE (_end = .)
                0x20000590                        . = (. + _Min_Heap_Size)
 *fill*         0x20000390      0x200 
                0x20000990                        . = (. + _Min_Stack_Size)
 *fill*         0x20000590      0x400 
                0x20000990                        . = ALIGN (0x8)

/DISCARD/
 libc.a:*(*)
 libm.a:*(*)
 libgcc.a:*(*)
OUTPUT(template.elf elf32-littlearm)
LOAD linker stubs

.ARM.attributes
                0x00000000       0x29
 .ARM.attributes
                0x00000000       0x1d D:/arm32-none-none-gnueabi-toolchain/arm-gnu-toolchain-15.2.rel1-mingw-w64-x86_64-arm-none-eabi/bin/../lib/gcc/arm-none-eabi/15.2.1/thumb/v7-m/nofp/crti.o
 .ARM.attributes
                0x0000001d       0x2d D:/arm32-none-none-gnueabi-toolchain/arm-gnu-toolchain-15.2.rel1-mingw-w64-x86_64-arm-none-eabi/bin/../lib/gcc/arm-none-eabi/15.2.1/thumb/v7-m/nofp/crtbegin.o
 .ARM.attributes
                0x0000004a       0x2d CMakeFiles/template.elf.dir/Lib/Src/stm32f1xx_hal.c.obj
 .ARM.attributes
                0x00000077       0x2d CMakeFiles/template.elf.dir/Lib/Src/stm32f1xx_hal_cortex.c.obj
 .ARM.attributes
                0x000000a4       0x2d CMakeFiles/template.elf.dir/Lib/Src/stm32f1xx_hal_gpio.c.obj
 .ARM.attributes
                0x000000d1       0x2d CMakeFiles/template.elf.dir/Lib/Src/stm32f1xx_hal_rcc.c.obj
 .ARM.attributes
                0x000000fe       0x2d CMakeFiles/template.elf.dir/Lib/Src/stm32f1xx_hal_tim.c.obj
 .ARM.attributes
                0x0000012b       0x2d CMakeFiles/template.elf.dir/Lib/Src/stm32f1xx_hal_tim_ex.c.obj
 .ARM.attributes
                0x00000158       0x2d CMakeFiles/template.elf.dir/Lib/Src/stm32f1xx_hal_timebase_tim.c.obj
 .ARM.attributes
                0x00000185       0x21 CMakeFiles/template.elf.dir/Startup/startup_stm32f103xb.s.obj
 .ARM.attributes
                0x000001a6       0x2d CMakeFiles/template.elf.dir/User/Src/gpio.c.obj
 .ARM.attributes
                0x000001d3       0x2d CMakeFiles/template.elf.dir/User/Src/main.c.obj
 .ARM.attributes
                0x00000200       0x2d CMakeFiles/template.elf.dir/User/Src/stm32f1xx_hal_msp.c.obj
 .ARM.attributes
                0x0000022d       0x2d CMakeFiles/template.elf.dir/User/Src/stm32f1xx_it.c.obj
 .ARM.attributes
                0x0000025a       0x2d CMakeFiles/template.elf.dir/User/Src/syscalls.c.obj
 .ARM.attributes
                0x00000287       0x2d CMakeFiles/template.elf.dir/User/Src/sysmem.c.obj
 .ARM.attributes
                0x000002b4       0x2d CMakeFiles/template.elf.dir/User/Src/system_stm32f1xx.c.obj
 .ARM.attributes
                0x000002e1       0x2d D:/arm32-none-none-gnueabi-toolchain/arm-gnu-toolchain-15.2.rel1-mingw-w64-x86_64-arm-none-eabi/bin/../lib/gcc/arm-none-eabi/15.2.1/../../../../arm-none-eabi/lib/thumb/v7-m/nofp\libc_nano.a(libc_a-nano-vfprintf_float.o)
 .ARM.attributes
                0x0000030e       0x2d D:/arm32-none-none-gnueabi-toolchain/arm-gnu-toolchain-15.2.rel1-mingw-w64-x86_64-arm-none-eabi/bin/../lib/gcc/arm-none-eabi/15.2.1/../../../../arm-none-eabi/lib/thumb/v7-m/nofp\libc_nano.a(libc_a-nano-vfprintf_i.o)
 .ARM.attributes
                0x0000033b       0x2d D:/arm32-none-none-gnueabi-toolchain/arm-gnu-toolchain-15.2.rel1-mingw-w64-x86_64-arm-none-eabi/bin/../lib/gcc/arm-none-eabi/15.2.1/../../../../arm-none-eabi/lib/thumb/v7-m/nofp\libc_nano.a(libc_a-findfp.o)
 .ARM.attributes
                0x00000368       0x2d D:/arm32-none-none-gnueabi-toolchain/arm-gnu-toolchain-15.2.rel1-mingw-w64-x86_64-arm-none-eabi/bin/../lib/gcc/arm-none-eabi/15.2.1/../../../../arm-none-eabi/lib/thumb/v7-m/nofp\libc_nano.a(libc_a-fwalk.o)
 .ARM.attributes
                0x00000395       0x2d D:/arm32-none-none-gnueabi-toolchain/arm-gnu-toolchain-15.2.rel1-mingw-w64-x86_64-arm-none-eabi/bin/../lib/gcc/arm-none-eabi/15.2.1/../../../../arm-none-eabi/lib/thumb/v7-m/nofp\libc_nano.a(libc_a-stdio.o)
 .ARM.attributes
                0x000003c2       0x2d D:/arm32-none-none-gnueabi-toolchain/arm-gnu-toolchain-15.2.rel1-mingw-w64-x86_64-arm-none-eabi/bin/../lib/gcc/arm-none-eabi/15.2.1/../../../../arm-none-eabi/lib/thumb/v7-m/nofp\libc_nano.a(libc_a-memset.o)
 .ARM.attributes
                0x000003ef       0x2d D:/arm32-none-none-gnueabi-toolchain/arm-gnu-toolchain-15.2.rel1-mingw-w64-x86_64-arm-none-eabi/bin/../lib/gcc/arm-none-eabi/15.2.1/../../../../arm-none-eabi/lib/thumb/v7-m/nofp\libc_nano.a(libc_a-localeconv.o)
 .ARM.attributes
                0x0000041c       0x2d D:/arm32-none-none-gnueabi-toolchain/arm-gnu-toolchain-15.2.rel1-mingw-w64-x86_64-arm-none-eabi/bin/../lib/gcc/arm-none-eabi/15.2.1/../../../../arm-none-eabi/lib/thumb/v7-m/nofp\libc_nano.a(libc_a-closer.o)
 .ARM.attributes
                0x00000449       0x2d D:/arm32-none-none-gnueabi-toolchain/arm-gnu-toolchain-15.2.rel1-mingw-w64-x86_64-arm-none-eabi/bin/../lib/gcc/arm-none-eabi/15.2.1/../../../../arm-none-eabi/lib/thumb/v7-m/nofp\libc_nano.a(libc_a-reent.o)
 .ARM.attributes
                0x00000476       0x2d D:/arm32-none-none-gnueabi-toolchain/arm-gnu-toolchain-15.2.rel1-mingw-w64-x86_64-arm-none-eabi/bin/../lib/gcc/arm-none-eabi/15.2.1/../../../../arm-none-eabi/lib/thumb/v7-m/nofp\libc_nano.a(libc_a-impure.o)
 .ARM.attributes
                0x000004a3       0x2d D:/arm32-none-none-gnueabi-toolchain/arm-gnu-toolchain-15.2.rel1-mingw-w64-x86_64-arm-none-eabi/bin/../lib/gcc/arm-none-eabi/15.2.1/../../../../arm-none-eabi/lib/thumb/v7-m/nofp\libc_nano.a(libc_a-lseekr.o)
 .ARM.attributes
                0x000004d0       0x2d D:/arm32-none-none-gnueabi-toolchain/arm-gnu-toolchain-15.2.rel1-mingw-w64-x86_64-arm-none-eabi/bin/../lib/gcc/arm-none-eabi/15.2.1/../../../../arm-none-eabi/lib/thumb/v7-m/nofp\libc_nano.a(libc_a-readr.o)
 .ARM.attributes
                0x000004fd       0x2d D:/arm32-none-none-gnueabi-toolchain/arm-gnu-toolchain-15.2.rel1-mingw-w64-x86_64-arm-none-eabi/bin/../lib/gcc/arm-none-eabi/15.2.1/../../../../arm-none-eabi/lib/thumb/v7-m/nofp\libc_nano.a(libc_a-writer.o)
 .ARM.attributes
                0x0000052a       0x2d D:/arm32-none-none-gnueabi-toolchain/arm-gnu-toolchain-15.2.rel1-mingw-w64-x86_64-arm-none-eabi/bin/../lib/gcc/arm-none-eabi/15.2.1/../../../../arm-none-eabi/lib/thumb/v7-m/nofp\libc_nano.a(libc_a-errno.o)
 .ARM.attributes
                0x00000557       0x2d D:/arm32-none-none-gnueabi-toolchain/arm-gnu-toolchain-15.2.rel1-mingw-w64-x86_64-arm-none-eabi/bin/../lib/gcc/arm-none-eabi/15.2.1/../../../../arm-none-eabi/lib/thumb/v7-m/nofp\libc_nano.a(libc_a-init.o)
 .ARM.attributes
                0x00000584       0x2d D:/arm32-none-none-gnueabi-toolchain/arm-gnu-toolchain-15.2.rel1-mingw-w64-x86_64-arm-none-eabi/bin/../lib/gcc/arm-none-eabi/15.2.1/../../../../arm-none-eabi/lib/thumb/v7-m/nofp\libc_nano.a(libc_a-lock.o)
 .ARM.attributes
                0x000005b1       0x2d D:/arm32-none-none-gnueabi-toolchain/arm-gnu-toolchain-15.2.rel1-mingw-w64-x86_64-arm-none-eabi/bin/../lib/gcc/arm-none-eabi/15.2.1/../../../../arm-none-eabi/lib/thumb/v7-m/nofp\libc_nano.a(libc_a-memchr-stub.o)
 .ARM.attributes
                0x000005de       0x17 D:/arm32-none-none-gnueabi-toolchain/arm-gnu-toolchain-15.2.rel1-mingw-w64-x86_64-arm-none-eabi/bin/../lib/gcc/arm-none-eabi/15.2.1/../../../../arm-none-eabi/lib/thumb/v7-m/nofp\libc_nano.a(libc_a-strlen.o)
 .ARM.attributes
                0x000005f5       0x2d D:/arm32-none-none-gnueabi-toolchain/arm-gnu-toolchain-15.2.rel1-mingw-w64-x86_64-arm-none-eabi/bin/../lib/gcc/arm-none-eabi/15.2.1/../../../../arm-none-eabi/lib/thumb/v7-m/nofp\libc_nano.a(libc_a-dtoa.o)
 .ARM.attributes
                0x00000622       0x2d D:/arm32-none-none-gnueabi-toolchain/arm-gnu-toolchain-15.2.rel1-mingw-w64-x86_64-arm-none-eabi/bin/../lib/gcc/arm-none-eabi/15.2.1/../../../../arm-none-eabi/lib/thumb/v7-m/nofp\libc_nano.a(libc_a-freer.o)
 .ARM.attributes
                0x0000064f       0x2d D:/arm32-none-none-gnueabi-toolchain/arm-gnu-toolchain-15.2.rel1-mingw-w64-x86_64-arm-none-eabi/bin/../lib/gcc/arm-none-eabi/15.2.1/../../../../arm-none-eabi/lib/thumb/v7-m/nofp\libc_nano.a(libc_a-malloc.o)
 .ARM.attributes
                0x0000067c       0x2d D:/arm32-none-none-gnueabi-toolchain/arm-gnu-toolchain-15.2.rel1-mingw-w64-x86_64-arm-none-eabi/bin/../lib/gcc/arm-none-eabi/15.2.1/../../../../arm-none-eabi/lib/thumb/v7-m/nofp\libc_nano.a(libc_a-mallocr.o)
 .ARM.attributes
                0x000006a9       0x2d D:/arm32-none-none-gnueabi-toolchain/arm-gnu-toolchain-15.2.rel1-mingw-w64-x86_64-arm-none-eabi/bin/../lib/gcc/arm-none-eabi/15.2.1/../../../../arm-none-eabi/lib/thumb/v7-m/nofp\libc_nano.a(libc_a-mlock.o)
 .ARM.attributes
                0x000006d6       0x2d D:/arm32-none-none-gnueabi-toolchain/arm-gnu-toolchain-15.2.rel1-mingw-w64-x86_64-arm-none-eabi/bin/../lib/gcc/arm-none-eabi/15.2.1/../../../../arm-none-eabi/lib/thumb/v7-m/nofp\libc_nano.a(libc_a-mprec.o)
 .ARM.attributes
                0x00000703       0x2d D:/arm32-none-none-gnueabi-toolchain/arm-gnu-toolchain-15.2.rel1-mingw-w64-x86_64-arm-none-eabi/bin/../lib/gcc/arm-none-eabi/15.2.1/../../../../arm-none-eabi/lib/thumb/v7-m/nofp\libc_nano.a(libc_a-fflush.o)
 .ARM.attributes
                0x00000730       0x2d D:/arm32-none-none-gnueabi-toolchain/arm-gnu-toolchain-15.2.rel1-mingw-w64-x86_64-arm-none-eabi/bin/../lib/gcc/arm-none-eabi/15.2.1/../../../../arm-none-eabi/lib/thumb/v7-m/nofp\libc_nano.a(libc_a-locale.o)
 .ARM.attributes
                0x0000075d       0x2d D:/arm32-none-none-gnueabi-toolchain/arm-gnu-toolchain-15.2.rel1-mingw-w64-x86_64-arm-none-eabi/bin/../lib/gcc/arm-none-eabi/15.2.1/../../../../arm-none-eabi/lib/thumb/v7-m/nofp\libc_nano.a(libc_a-sbrkr.o)
 .ARM.attributes
                0x0000078a       0x2d D:/arm32-none-none-gnueabi-toolchain/arm-gnu-toolchain-15.2.rel1-mingw-w64-x86_64-arm-none-eabi/bin/../lib/gcc/arm-none-eabi/15.2.1/../../../../arm-none-eabi/lib/thumb/v7-m/nofp\libc_nano.a(libc_a-memcpy-stub.o)
 .ARM.attributes
                0x000007b7       0x2d D:/arm32-none-none-gnueabi-toolchain/arm-gnu-toolchain-15.2.rel1-mingw-w64-x86_64-arm-none-eabi/bin/../lib/gcc/arm-none-eabi/15.2.1/../../../../arm-none-eabi/lib/thumb/v7-m/nofp\libc_nano.a(libc_a-assert.o)
 .ARM.attributes
                0x000007e4       0x2d D:/arm32-none-none-gnueabi-toolchain/arm-gnu-toolchain-15.2.rel1-mingw-w64-x86_64-arm-none-eabi/bin/../lib/gcc/arm-none-eabi/15.2.1/../../../../arm-none-eabi/lib/thumb/v7-m/nofp\libc_nano.a(libc_a-callocr.o)
 .ARM.attributes
                0x00000811       0x2d D:/arm32-none-none-gnueabi-toolchain/arm-gnu-toolchain-15.2.rel1-mingw-w64-x86_64-arm-none-eabi/bin/../lib/gcc/arm-none-eabi/15.2.1/../../../../arm-none-eabi/lib/thumb/v7-m/nofp\libc_nano.a(libc_a-mbtowc_r.o)
 .ARM.attributes
                0x0000083e       0x2d D:/arm32-none-none-gnueabi-toolchain/arm-gnu-toolchain-15.2.rel1-mingw-w64-x86_64-arm-none-eabi/bin/../lib/gcc/arm-none-eabi/15.2.1/../../../../arm-none-eabi/lib/thumb/v7-m/nofp\libc_nano.a(libc_a-wctomb_r.o)
 .ARM.attributes
                0x0000086b       0x2d D:/arm32-none-none-gnueabi-toolchain/arm-gnu-toolchain-15.2.rel1-mingw-w64-x86_64-arm-none-eabi/bin/../lib/gcc/arm-none-eabi/15.2.1/../../../../arm-none-eabi/lib/thumb/v7-m/nofp\libc_nano.a(libc_a-ctype_.o)
 .ARM.attributes
                0x00000898       0x2d D:/arm32-none-none-gnueabi-toolchain/arm-gnu-toolchain-15.2.rel1-mingw-w64-x86_64-arm-none-eabi/bin/../lib/gcc/arm-none-eabi/15.2.1/../../../../arm-none-eabi/lib/thumb/v7-m/nofp\libc_nano.a(libc_a-fprintf.o)
 .ARM.attributes
                0x000008c5       0x2d D:/arm32-none-none-gnueabi-toolchain/arm-gnu-toolchain-15.2.rel1-mingw-w64-x86_64-arm-none-eabi/bin/../lib/gcc/arm-none-eabi/15.2.1/../../../../arm-none-eabi/lib/thumb/v7-m/nofp\libc_nano.a(libc_a-abort.o)
 .ARM.attributes
                0x000008f2       0x2d D:/arm32-none-none-gnueabi-toolchain/arm-gnu-toolchain-15.2.rel1-mingw-w64-x86_64-arm-none-eabi/bin/../lib/gcc/arm-none-eabi/15.2.1/../../../../arm-none-eabi/lib/thumb/v7-m/nofp\libc_nano.a(libc_a-nano-vfprintf.o)
 .ARM.attributes
                0x0000091f       0x2d D:/arm32-none-none-gnueabi-toolchain/arm-gnu-toolchain-15.2.rel1-mingw-w64-x86_64-arm-none-eabi/bin/../lib/gcc/arm-none-eabi/15.2.1/../../../../arm-none-eabi/lib/thumb/v7-m/nofp\libc_nano.a(libc_a-wbuf.o)
 .ARM.attributes
                0x0000094c       0x2d D:/arm32-none-none-gnueabi-toolchain/arm-gnu-toolchain-15.2.rel1-mingw-w64-x86_64-arm-none-eabi/bin/../lib/gcc/arm-none-eabi/15.2.1/../../../../arm-none-eabi/lib/thumb/v7-m/nofp\libc_nano.a(libc_a-wsetup.o)
 .ARM.attributes
                0x00000979       0x2d D:/arm32-none-none-gnueabi-toolchain/arm-gnu-toolchain-15.2.rel1-mingw-w64-x86_64-arm-none-eabi/bin/../lib/gcc/arm-none-eabi/15.2.1/../../../../arm-none-eabi/lib/thumb/v7-m/nofp\libc_nano.a(libc_a-signal.o)
 .ARM.attributes
                0x000009a6       0x2d D:/arm32-none-none-gnueabi-toolchain/arm-gnu-toolchain-15.2.rel1-mingw-w64-x86_64-arm-none-eabi/bin/../lib/gcc/arm-none-eabi/15.2.1/../../../../arm-none-eabi/lib/thumb/v7-m/nofp\libc_nano.a(libc_a-signalr.o)
 .ARM.attributes
                0x000009d3       0x2d D:/arm32-none-none-gnueabi-toolchain/arm-gnu-toolchain-15.2.rel1-mingw-w64-x86_64-arm-none-eabi/bin/../lib/gcc/arm-none-eabi/15.2.1/../../../../arm-none-eabi/lib/thumb/v7-m/nofp\libc_nano.a(libc_a-makebuf.o)
 .ARM.attributes
                0x00000a00       0x2d D:/arm32-none-none-gnueabi-toolchain/arm-gnu-toolchain-15.2.rel1-mingw-w64-x86_64-arm-none-eabi/bin/../lib/gcc/arm-none-eabi/15.2.1/../../../../arm-none-eabi/lib/thumb/v7-m/nofp\libc_nano.a(libc_a-fstatr.o)
 .ARM.attributes
                0x00000a2d       0x2d D:/arm32-none-none-gnueabi-toolchain/arm-gnu-toolchain-15.2.rel1-mingw-w64-x86_64-arm-none-eabi/bin/../lib/gcc/arm-none-eabi/15.2.1/../../../../arm-none-eabi/lib/thumb/v7-m/nofp\libc_nano.a(libc_a-isattyr.o)
 .ARM.attributes
                0x00000a5a       0x1d D:/arm32-none-none-gnueabi-toolchain/arm-gnu-toolchain-15.2.rel1-mingw-w64-x86_64-arm-none-eabi/bin/../lib/gcc/arm-none-eabi/15.2.1/thumb/v7-m/nofp\libgcc.a(_arm_addsubdf3.o)
 .ARM.attributes
                0x00000a77       0x1d D:/arm32-none-none-gnueabi-toolchain/arm-gnu-toolchain-15.2.rel1-mingw-w64-x86_64-arm-none-eabi/bin/../lib/gcc/arm-none-eabi/15.2.1/thumb/v7-m/nofp\libgcc.a(_arm_muldivdf3.o)
 .ARM.attributes
                0x00000a94       0x1d D:/arm32-none-none-gnueabi-toolchain/arm-gnu-toolchain-15.2.rel1-mingw-w64-x86_64-arm-none-eabi/bin/../lib/gcc/arm-none-eabi/15.2.1/thumb/v7-m/nofp\libgcc.a(_arm_cmpdf2.o)
 .ARM.attributes
                0x00000ab1       0x1d D:/arm32-none-none-gnueabi-toolchain/arm-gnu-toolchain-15.2.rel1-mingw-w64-x86_64-arm-none-eabi/bin/../lib/gcc/arm-none-eabi/15.2.1/thumb/v7-m/nofp\libgcc.a(_arm_unorddf2.o)
 .ARM.attributes
                0x00000ace       0x1d D:/arm32-none-none-gnueabi-toolchain/arm-gnu-toolchain-15.2.rel1-mingw-w64-x86_64-arm-none-eabi/bin/../lib/gcc/arm-none-eabi/15.2.1/thumb/v7-m/nofp\libgcc.a(_arm_fixdfsi.o)
 .ARM.attributes
                0x00000aeb       0x2d D:/arm32-none-none-gnueabi-toolchain/arm-gnu-toolchain-15.2.rel1-mingw-w64-x86_64-arm-none-eabi/bin/../lib/gcc/arm-none-eabi/15.2.1/thumb/v7-m/nofp/crtend.o
 .ARM.attributes
                0x00000b18       0x1d D:/arm32-none-none-gnueabi-toolchain/arm-gnu-toolchain-15.2.rel1-mingw-w64-x86_64-arm-none-eabi/bin/../lib/gcc/arm-none-eabi/15.2.1/thumb/v7-m/nofp/crtn.o

.comment        0x00000000       0x45
 .comment       0x00000000       0x45 CMakeFiles/template.elf.dir/Lib/Src/stm32f1xx_hal.c.obj
                                 0x46 (size before relaxing)
 .comment       0x00000045        0x0 CMakeFiles/template.elf.dir/Lib/Src/stm32f1xx_hal_cortex.c.obj
                                 0x46 (size before relaxing)
 .comment       0x00000045        0x0 CMakeFiles/template.elf.dir/Lib/Src/stm32f1xx_hal_gpio.c.obj
                                 0x46 (size before relaxing)
 .comment       0x00000045        0x0 CMakeFiles/template.elf.dir/Lib/Src/stm32f1xx_hal_rcc.c.obj
                                 0x46 (size before relaxing)
 .comment       0x00000045        0x0 CMakeFiles/template.elf.dir/Lib/Src/stm32f1xx_hal_tim.c.obj
                                 0x46 (size before relaxing)
 .comment       0x00000045        0x0 CMakeFiles/template.elf.dir/Lib/Src/stm32f1xx_hal_tim_ex.c.obj
                                 0x46 (size before relaxing)
 .comment       0x00000045        0x0 CMakeFiles/template.elf.dir/Lib/Src/stm32f1xx_hal_timebase_tim.c.obj
                                 0x46 (size before relaxing)
 .comment       0x00000045        0x0 CMakeFiles/template.elf.dir/User/Src/gpio.c.obj
                                 0x46 (size before relaxing)
 .comment       0x00000045        0x0 CMakeFiles/template.elf.dir/User/Src/main.c.obj
                                 0x46 (size before relaxing)
 .comment       0x00000045        0x0 CMakeFiles/template.elf.dir/User/Src/stm32f1xx_hal_msp.c.obj
                                 0x46 (size before relaxing)
 .comment       0x00000045        0x0 CMakeFiles/template.elf.dir/User/Src/stm32f1xx_it.c.obj
                                 0x46 (size before relaxing)
 .comment       0x00000045        0x0 CMakeFiles/template.elf.dir/User/Src/syscalls.c.obj
                                 0x46 (size before relaxing)
 .comment       0x00000045        0x0 CMakeFiles/template.elf.dir/User/Src/sysmem.c.obj
                                 0x46 (size before relaxing)
 .comment       0x00000045        0x0 CMakeFiles/template.elf.dir/User/Src/system_stm32f1xx.c.obj
                                 0x46 (size before relaxing)

.debug_info     0x00000000     0x9bbd
 .debug_info    0x00000000      0x79d CMakeFiles/template.elf.dir/Lib/Src/stm32f1xx_hal.c.obj
 .debug_info    0x0000079d      0xcd9 CMakeFiles/template.elf.dir/Lib/Src/stm32f1xx_hal_cortex.c.obj
 .debug_info    0x00001476      0x604 CMakeFiles/template.elf.dir/Lib/Src/stm32f1xx_hal_gpio.c.obj
 .debug_info    0x00001a7a      0x9c7 CMakeFiles/template.elf.dir/Lib/Src/stm32f1xx_hal_rcc.c.obj
 .debug_info    0x00002441     0x3ca5 CMakeFiles/template.elf.dir/Lib/Src/stm32f1xx_hal_tim.c.obj
 .debug_info    0x000060e6     0x1ac8 CMakeFiles/template.elf.dir/Lib/Src/stm32f1xx_hal_tim_ex.c.obj
 .debug_info    0x00007bae      0xabc CMakeFiles/template.elf.dir/Lib/Src/stm32f1xx_hal_timebase_tim.c.obj
 .debug_info    0x0000866a       0x30 CMakeFiles/template.elf.dir/Startup/startup_stm32f103xb.s.obj
 .debug_info    0x0000869a      0x2ec CMakeFiles/template.elf.dir/User/Src/gpio.c.obj
 .debug_info    0x00008986      0x3f5 CMakeFiles/template.elf.dir/User/Src/main.c.obj
 .debug_info    0x00008d7b      0x1f4 CMakeFiles/template.elf.dir/User/Src/stm32f1xx_hal_msp.c.obj
 .debug_info    0x00008f6f      0x11d CMakeFiles/template.elf.dir/User/Src/stm32f1xx_it.c.obj
 .debug_info    0x0000908c      0x793 CMakeFiles/template.elf.dir/User/Src/syscalls.c.obj
 .debug_info    0x0000981f      0x171 CMakeFiles/template.elf.dir/User/Src/sysmem.c.obj
 .debug_info    0x00009990      0x22d CMakeFiles/template.elf.dir/User/Src/system_stm32f1xx.c.obj

.debug_abbrev   0x00000000     0x1a3f
 .debug_abbrev  0x00000000      0x22d CMakeFiles/template.elf.dir/Lib/Src/stm32f1xx_hal.c.obj
 .debug_abbrev  0x0000022d      0x36d CMakeFiles/template.elf.dir/Lib/Src/stm32f1xx_hal_cortex.c.obj
 .debug_abbrev  0x0000059a      0x1f7 CMakeFiles/template.elf.dir/Lib/Src/stm32f1xx_hal_gpio.c.obj
 .debug_abbrev  0x00000791      0x2a0 CMakeFiles/template.elf.dir/Lib/Src/stm32f1xx_hal_rcc.c.obj
 .debug_abbrev  0x00000a31      0x270 CMakeFiles/template.elf.dir/Lib/Src/stm32f1xx_hal_tim.c.obj
 .debug_abbrev  0x00000ca1      0x26e CMakeFiles/template.elf.dir/Lib/Src/stm32f1xx_hal_tim_ex.c.obj
 .debug_abbrev  0x00000f0f      0x262 CMakeFiles/template.elf.dir/Lib/Src/stm32f1xx_hal_timebase_tim.c.obj
 .debug_abbrev  0x00001171       0x24 CMakeFiles/template.elf.dir/Startup/startup_stm32f103xb.s.obj
 .debug_abbrev  0x00001195      0x151 CMakeFiles/template.elf.dir/User/Src/gpio.c.obj
 .debug_abbrev  0x000012e6      0x1fb CMakeFiles/template.elf.dir/User/Src/main.c.obj
 .debug_abbrev  0x000014e1       0xed CMakeFiles/template.elf.dir/User/Src/stm32f1xx_hal_msp.c.obj
 .debug_abbrev  0x000015ce       0x7c CMakeFiles/template.elf.dir/User/Src/stm32f1xx_it.c.obj
 .debug_abbrev  0x0000164a      0x1c8 CMakeFiles/template.elf.dir/User/Src/syscalls.c.obj
 .debug_abbrev  0x00001812       0xea CMakeFiles/template.elf.dir/User/Src/sysmem.c.obj
 .debug_abbrev  0x000018fc      0x143 CMakeFiles/template.elf.dir/User/Src/system_stm32f1xx.c.obj

.debug_loclists
                0x00000000     0x5f5b
 .debug_loclists
                0x00000000       0xe1 CMakeFiles/template.elf.dir/Lib/Src/stm32f1xx_hal.c.obj
 .debug_loclists
                0x000000e1      0x4e3 CMakeFiles/template.elf.dir/Lib/Src/stm32f1xx_hal_cortex.c.obj
 .debug_loclists
                0x000005c4      0x2f1 CMakeFiles/template.elf.dir/Lib/Src/stm32f1xx_hal_gpio.c.obj
 .debug_loclists
                0x000008b5      0x430 CMakeFiles/template.elf.dir/Lib/Src/stm32f1xx_hal_rcc.c.obj
 .debug_loclists
                0x00000ce5     0x390e CMakeFiles/template.elf.dir/Lib/Src/stm32f1xx_hal_tim.c.obj
 .debug_loclists
                0x000045f3     0x14a6 CMakeFiles/template.elf.dir/Lib/Src/stm32f1xx_hal_tim_ex.c.obj
 .debug_loclists
                0x00005a99       0xd5 CMakeFiles/template.elf.dir/Lib/Src/stm32f1xx_hal_timebase_tim.c.obj
 .debug_loclists
                0x00005b6e       0x17 CMakeFiles/template.elf.dir/User/Src/stm32f1xx_hal_msp.c.obj
 .debug_loclists
                0x00005b85      0x2cd CMakeFiles/template.elf.dir/User/Src/syscalls.c.obj
 .debug_loclists
                0x00005e52       0x52 CMakeFiles/template.elf.dir/User/Src/sysmem.c.obj
 .debug_loclists
                0x00005ea4       0xb7 CMakeFiles/template.elf.dir/User/Src/system_stm32f1xx.c.obj

.debug_aranges  0x00000000      0x9e8
 .debug_aranges
                0x00000000       0xe0 CMakeFiles/template.elf.dir/Lib/Src/stm32f1xx_hal.c.obj
 .debug_aranges
                0x000000e0       0xc0 CMakeFiles/template.elf.dir/Lib/Src/stm32f1xx_hal_cortex.c.obj
 .debug_aranges
                0x000001a0       0x58 CMakeFiles/template.elf.dir/Lib/Src/stm32f1xx_hal_gpio.c.obj
 .debug_aranges
                0x000001f8       0x90 CMakeFiles/template.elf.dir/Lib/Src/stm32f1xx_hal_rcc.c.obj
 .debug_aranges
                0x00000288      0x3d0 CMakeFiles/template.elf.dir/Lib/Src/stm32f1xx_hal_tim.c.obj
 .debug_aranges
                0x00000658      0x168 CMakeFiles/template.elf.dir/Lib/Src/stm32f1xx_hal_tim_ex.c.obj
 .debug_aranges
                0x000007c0       0x40 CMakeFiles/template.elf.dir/Lib/Src/stm32f1xx_hal_timebase_tim.c.obj
 .debug_aranges
                0x00000800       0x28 CMakeFiles/template.elf.dir/Startup/startup_stm32f103xb.s.obj
 .debug_aranges
                0x00000828       0x20 CMakeFiles/template.elf.dir/User/Src/gpio.c.obj
 .debug_aranges
                0x00000848       0x30 CMakeFiles/template.elf.dir/User/Src/main.c.obj
 .debug_aranges
                0x00000878       0x20 CMakeFiles/template.elf.dir/User/Src/stm32f1xx_hal_msp.c.obj
 .debug_aranges
                0x00000898       0x60 CMakeFiles/template.elf.dir/User/Src/stm32f1xx_it.c.obj
 .debug_aranges
                0x000008f8       0xa8 CMakeFiles/template.elf.dir/User/Src/syscalls.c.obj
 .debug_aranges
                0x000009a0       0x20 CMakeFiles/template.elf.dir/User/Src/sysmem.c.obj
 .debug_aranges
                0x000009c0       0x28 CMakeFiles/template.elf.dir/User/Src/system_stm32f1xx.c.obj

.debug_rnglists
                0x00000000      0x777
 .debug_rnglists
                0x00000000       0xa3 CMakeFiles/template.elf.dir/Lib/Src/stm32f1xx_hal.c.obj
 .debug_rnglists
                0x000000a3       0x8b CMakeFiles/template.elf.dir/Lib/Src/stm32f1xx_hal_cortex.c.obj
 .debug_rnglists
                0x0000012e       0x3f CMakeFiles/template.elf.dir/Lib/Src/stm32f1xx_hal_gpio.c.obj
 .debug_rnglists
                0x0000016d       0x7d CMakeFiles/template.elf.dir/Lib/Src/stm32f1xx_hal_rcc.c.obj
 .debug_rnglists
                0x000001ea      0x2ff CMakeFiles/template.elf.dir/Lib/Src/stm32f1xx_hal_tim.c.obj
 .debug_rnglists
                0x000004e9      0x11b CMakeFiles/template.elf.dir/Lib/Src/stm32f1xx_hal_tim_ex.c.obj
 .debug_rnglists
                0x00000604       0x2c CMakeFiles/template.elf.dir/Lib/Src/stm32f1xx_hal_timebase_tim.c.obj
 .debug_rnglists
                0x00000630       0x19 CMakeFiles/template.elf.dir/Startup/startup_stm32f103xb.s.obj
 .debug_rnglists
                0x00000649       0x13 CMakeFiles/template.elf.dir/User/Src/gpio.c.obj
 .debug_rnglists
                0x0000065c       0x1f CMakeFiles/template.elf.dir/User/Src/main.c.obj
 .debug_rnglists
                0x0000067b       0x13 CMakeFiles/template.elf.dir/User/Src/stm32f1xx_hal_msp.c.obj
 .debug_rnglists
                0x0000068e       0x43 CMakeFiles/template.elf.dir/User/Src/stm32f1xx_it.c.obj
 .debug_rnglists
                0x000006d1       0x79 CMakeFiles/template.elf.dir/User/Src/syscalls.c.obj
 .debug_rnglists
                0x0000074a       0x13 CMakeFiles/template.elf.dir/User/Src/sysmem.c.obj
 .debug_rnglists
                0x0000075d       0x1a CMakeFiles/template.elf.dir/User/Src/system_stm32f1xx.c.obj

.debug_line     0x00000000     0x9312
 .debug_line    0x00000000      0x51e CMakeFiles/template.elf.dir/Lib/Src/stm32f1xx_hal.c.obj
 .debug_line    0x0000051e      0x6c5 CMakeFiles/template.elf.dir/Lib/Src/stm32f1xx_hal_cortex.c.obj
 .debug_line    0x00000be3      0x5eb CMakeFiles/template.elf.dir/Lib/Src/stm32f1xx_hal_gpio.c.obj
 .debug_line    0x000011ce      0xcb7 CMakeFiles/template.elf.dir/Lib/Src/stm32f1xx_hal_rcc.c.obj
 .debug_line    0x00001e85     0x4600 CMakeFiles/template.elf.dir/Lib/Src/stm32f1xx_hal_tim.c.obj
 .debug_line    0x00006485     0x197d CMakeFiles/template.elf.dir/Lib/Src/stm32f1xx_hal_tim_ex.c.obj
 .debug_line    0x00007e02      0x358 CMakeFiles/template.elf.dir/Lib/Src/stm32f1xx_hal_timebase_tim.c.obj
 .debug_line    0x0000815a       0x78 CMakeFiles/template.elf.dir/Startup/startup_stm32f103xb.s.obj
 .debug_line    0x000081d2      0x1ef CMakeFiles/template.elf.dir/User/Src/gpio.c.obj
 .debug_line    0x000083c1      0x329 CMakeFiles/template.elf.dir/User/Src/main.c.obj
 .debug_line    0x000086ea      0x1ba CMakeFiles/template.elf.dir/User/Src/stm32f1xx_hal_msp.c.obj
 .debug_line    0x000088a4      0x146 CMakeFiles/template.elf.dir/User/Src/stm32f1xx_it.c.obj
 .debug_line    0x000089ea      0x447 CMakeFiles/template.elf.dir/User/Src/syscalls.c.obj
 .debug_line    0x00008e31      0x25e CMakeFiles/template.elf.dir/User/Src/sysmem.c.obj
 .debug_line    0x0000908f      0x283 CMakeFiles/template.elf.dir/User/Src/system_stm32f1xx.c.obj

.debug_str      0x00000000     0x2ef9
 .debug_str     0x00000000     0x2ef9 CMakeFiles/template.elf.dir/Lib/Src/stm32f1xx_hal.c.obj
                                0x816 (size before relaxing)
 .debug_str     0x00002ef9        0x0 CMakeFiles/template.elf.dir/Lib/Src/stm32f1xx_hal_cortex.c.obj
                                0x8bb (size before relaxing)
 .debug_str     0x00002ef9        0x0 CMakeFiles/template.elf.dir/Lib/Src/stm32f1xx_hal_gpio.c.obj
                                0x3e8 (size before relaxing)
 .debug_str     0x00002ef9        0x0 CMakeFiles/template.elf.dir/Lib/Src/stm32f1xx_hal_rcc.c.obj
                                0x613 (size before relaxing)
 .debug_str     0x00002ef9        0x0 CMakeFiles/template.elf.dir/Lib/Src/stm32f1xx_hal_tim.c.obj
                               0x166d (size before relaxing)
 .debug_str     0x00002ef9        0x0 CMakeFiles/template.elf.dir/Lib/Src/stm32f1xx_hal_tim_ex.c.obj